

================================================================
== Vitis HLS Report for 'cont'
================================================================
* Date:           Thu Apr 23 17:01:22 2026

* Version:        2022.2 (Build 3670227 on Oct 13 2022)
* Project:        FFT
* Solution:       solution1 (Vivado IP Flow Target)
* Product family: zynquplus
* Target device:  xczu7ev-ffvc1156-2-e


================================================================
== Performance Estimates
================================================================
+ Timing: 
    * Summary: 
    +--------+----------+----------+------------+
    |  Clock |  Target  | Estimated| Uncertainty|
    +--------+----------+----------+------------+
    |ap_clk  |  10.00 ns|  6.699 ns|     2.70 ns|
    +--------+----------+----------+------------+

+ Latency: 
    * Summary: 
    +---------+---------+----------+----------+-----+-----+---------+
    |  Latency (cycles) |  Latency (absolute) |  Interval | Pipeline|
    |   min   |   max   |    min   |    max   | min | max |   Type  |
    +---------+---------+----------+----------+-----+-----+---------+
    |        0|        0|      0 ns|      0 ns|    1|    1|       no|
    +---------+---------+----------+----------+-----+-----+---------+

    + Detail: 
        * Instance: 
        N/A

        * Loop: 
        N/A



================================================================
== Utilization Estimates
================================================================
* Summary: 
+-----------------+---------+------+--------+--------+-----+
|       Name      | BRAM_18K|  DSP |   FF   |   LUT  | URAM|
+-----------------+---------+------+--------+--------+-----+
|DSP              |        -|     -|       -|       -|    -|
|Expression       |        -|     -|       0|    1702|    -|
|FIFO             |        -|     -|       -|       -|    -|
|Instance         |        -|    18|       0|     964|    -|
|Memory           |        -|     -|       -|       -|    -|
|Multiplexer      |        -|     -|       -|    4908|    -|
|Register         |        -|     -|    2031|       -|    -|
+-----------------+---------+------+--------+--------+-----+
|Total            |        0|    18|    2031|    7574|    0|
+-----------------+---------+------+--------+--------+-----+
|Available        |      624|  1728|  460800|  230400|   96|
+-----------------+---------+------+--------+--------+-----+
|Utilization (%)  |        0|     1|      ~0|       3|    0|
+-----------------+---------+------+--------+--------+-----+

+ Detail: 
    * Instance: 
    +------------------------+--------------------+---------+----+---+-----+-----+
    |        Instance        |       Module       | BRAM_18K| DSP| FF| LUT | URAM|
    +------------------------+--------------------+---------+----+---+-----+-----+
    |mul_32s_32s_39_1_1_U11  |mul_32s_32s_39_1_1  |        0|   3|  0|   20|    0|
    |mul_32s_32s_39_1_1_U12  |mul_32s_32s_39_1_1  |        0|   3|  0|   20|    0|
    |mul_33s_32s_39_1_1_U10  |mul_33s_32s_39_1_1  |        0|   3|  0|   21|    0|
    |mul_33s_32s_39_1_1_U13  |mul_33s_32s_39_1_1  |        0|   3|  0|   21|    0|
    |mul_33s_33s_64_1_1_U3   |mul_33s_33s_64_1_1  |        0|   3|  0|   21|    0|
    |mul_33s_33s_64_1_1_U5   |mul_33s_33s_64_1_1  |        0|   3|  0|   21|    0|
    |mux_205_33_1_1_U1       |mux_205_33_1_1      |        0|   0|  0|  101|    0|
    |mux_205_33_1_1_U2       |mux_205_33_1_1      |        0|   0|  0|  101|    0|
    |mux_205_33_1_1_U4       |mux_205_33_1_1      |        0|   0|  0|  101|    0|
    |mux_205_33_1_1_U8       |mux_205_33_1_1      |        0|   0|  0|  101|    0|
    |mux_205_33_1_1_U9       |mux_205_33_1_1      |        0|   0|  0|  101|    0|
    |mux_205_33_1_1_U14      |mux_205_33_1_1      |        0|   0|  0|  101|    0|
    |mux_325_33_1_1_U15      |mux_325_33_1_1      |        0|   0|  0|  148|    0|
    |mux_83_32_1_1_U6        |mux_83_32_1_1       |        0|   0|  0|   43|    0|
    |mux_83_32_1_1_U7        |mux_83_32_1_1       |        0|   0|  0|   43|    0|
    +------------------------+--------------------+---------+----+---+-----+-----+
    |Total                   |                    |        0|  18|  0|  964|    0|
    +------------------------+--------------------+---------+----+---+-----+-----+

    * DSP: 
    N/A

    * Memory: 
    N/A

    * FIFO: 
    N/A

    * Expression: 
    +---------------------------+----------+----+---+----+------------+------------+
    |       Variable Name       | Operation| DSP| FF| LUT| Bitwidth P0| Bitwidth P1|
    +---------------------------+----------+----+---+----+------------+------------+
    |add_ln186_fu_18761_p2      |         +|   0|  0|  21|          14|           1|
    |add_ln240_fu_18424_p2      |         +|   0|  0|  39|          32|           1|
    |add_ln241_fu_18444_p2      |         +|   0|  0|  39|          32|           1|
    |add_ln304_fu_17859_p2      |         +|   0|  0|  39|          32|           2|
    |add_ln305_1_fu_17921_p2    |         +|   0|  0|  32|          32|          32|
    |add_ln305_fu_17915_p2      |         +|   0|  0|  32|          32|           1|
    |add_ln316_fu_18016_p2      |         +|   0|  0|  39|          32|          32|
    |add_ln318_fu_17884_p2      |         +|   0|  0|  39|          32|          32|
    |add_ln321_fu_18023_p2      |         +|   0|  0|  39|          32|          32|
    |add_ln333_fu_17809_p2      |         +|   0|  0|  39|          32|           2|
    |add_ln353_fu_16830_p2      |         +|   0|  0|  39|          32|          32|
    |add_ln364_fu_16927_p2      |         +|   0|  0|  39|          32|           1|
    |add_ln384_fu_16767_p2      |         +|   0|  0|  39|          32|           3|
    |add_ln395_fu_16793_p2      |         +|   0|  0|  39|          32|           1|
    |add_ln406_fu_16812_p2      |         +|   0|  0|  39|          32|           3|
    |add_ln428_fu_18742_p2      |         +|   0|  0|  39|          32|           1|
    |add_ln436_fu_18770_p2      |         +|   0|  0|  18|          11|           1|
    |add_ln840_1_fu_16908_p2    |         +|   0|  0|  71|          64|          64|
    |add_ln840_2_fu_18460_p2    |         +|   0|  0|  12|           5|           1|
    |add_ln840_fu_16755_p2      |         +|   0|  0|  71|          64|          64|
    |grp_fu_16395_p2            |         +|   0|  0|  39|          32|           1|
    |grp_fu_16403_p2            |         +|   0|  0|  39|          32|           1|
    |grp_fu_16412_p2            |         +|   0|  0|  39|          32|           1|
    |ret_V_3_fu_18198_p2        |         +|   0|  0|  46|          39|          39|
    |ret_V_8_fu_17385_p2        |         +|   0|  0|  40|          33|          33|
    |ret_V_fu_16957_p2          |         +|   0|  0|  40|          33|          33|
    |ret_V_10_fu_17990_p2       |         -|   0|  0|  40|           1|          33|
    |ret_V_6_fu_18232_p2        |         -|   0|  0|  46|          39|          39|
    |ret_V_7_fu_17343_p2        |         -|   0|  0|  40|          33|          33|
    |ret_V_9_fu_17771_p2        |         -|   0|  0|  40|          33|          33|
    |tmp_7_fu_16852_p21         |         -|   0|  0|  12|           5|           5|
    |and_ln249_fu_18623_p2      |       and|   0|  0|   2|           1|           1|
    |and_ln266_fu_18641_p2      |       and|   0|  0|   2|           1|           1|
    |and_ln464_fu_18893_p2      |       and|   0|  0|   2|           1|           1|
    |ap_condition_1001          |       and|   0|  0|   2|           1|           1|
    |ap_condition_1005          |       and|   0|  0|   2|           1|           1|
    |ap_condition_1020          |       and|   0|  0|   2|           1|           1|
    |ap_condition_1026          |       and|   0|  0|   2|           1|           1|
    |ap_condition_1838          |       and|   0|  0|   2|           1|           1|
    |ap_condition_1864          |       and|   0|  0|   2|           1|           1|
    |ap_condition_1867          |       and|   0|  0|   2|           1|           1|
    |ap_condition_1877          |       and|   0|  0|   2|           1|           1|
    |ap_condition_1960          |       and|   0|  0|   2|           1|           1|
    |ap_condition_1968          |       and|   0|  0|   2|           1|           1|
    |ap_condition_1992          |       and|   0|  0|   2|           1|           1|
    |ap_condition_2300          |       and|   0|  0|   2|           1|           1|
    |d_o_valid                  |       and|   0|  0|   2|           1|           1|
    |icmp_ln1019_1_fu_18617_p2  |      icmp|   0|  0|   9|           5|           1|
    |icmp_ln1019_2_fu_18635_p2  |      icmp|   0|  0|   9|           5|           1|
    |icmp_ln1019_fu_18779_p2    |      icmp|   0|  0|  20|          32|          32|
    |icmp_ln1027_1_fu_18414_p2  |      icmp|   0|  0|   9|           5|           5|
    |icmp_ln1027_2_fu_18708_p2  |      icmp|   0|  0|  12|          14|           1|
    |icmp_ln1027_fu_18688_p2    |      icmp|   0|  0|  12|          14|          14|
    |icmp_ln1031_1_fu_18611_p2  |      icmp|   0|  0|   8|           2|           1|
    |icmp_ln1031_2_fu_18629_p2  |      icmp|   0|  0|   9|           5|           5|
    |icmp_ln1031_fu_18730_p2    |      icmp|   0|  0|  12|          14|           1|
    |icmp_ln283_fu_18036_p2     |      icmp|   0|  0|  20|          32|           2|
    |icmp_ln284_fu_18264_p2     |      icmp|   0|  0|  18|          29|           1|
    |icmp_ln303_fu_17797_p2     |      icmp|   0|  0|  20|          32|           3|
    |icmp_ln304_fu_17865_p2     |      icmp|   0|  0|  20|          32|          32|
    |icmp_ln353_fu_16836_p2     |      icmp|   0|  0|  20|          32|          32|
    |icmp_ln363_fu_16921_p2     |      icmp|   0|  0|  20|          32|           5|
    |icmp_ln386_fu_16775_p2     |      icmp|   0|  0|  20|          32|           2|
    |icmp_ln388_fu_16781_p2     |      icmp|   0|  0|  20|          32|           3|
    |lshr_ln333_fu_17815_p2     |      lshr|   0|  0|  96|           4|          32|
    |ap_condition_1881          |        or|   0|  0|   2|           1|           1|
    |ap_condition_1916          |        or|   0|  0|   2|           1|           1|
    |or_ln449_fu_18785_p2       |        or|   0|  0|   2|           1|           1|
    |or_ln464_fu_18905_p2       |        or|   0|  0|   2|           1|           1|
    |d_o_data                   |    select|   0|  0|  32|           1|          32|
    |select_ln272_fu_18647_p3   |    select|   0|  0|   4|           1|           4|
    |select_ln284_fu_18390_p3   |    select|   0|  0|  32|           1|          33|
    |select_ln310_fu_17996_p3   |    select|   0|  0|  32|           1|          33|
    |select_ln420_fu_18715_p3   |    select|   0|  0|  14|           1|           1|
    |select_ln449_fu_18792_p3   |    select|   0|  0|   3|           1|           1|
    |xor_ln164_fu_16422_p2      |       xor|   0|  0|   2|           1|           2|
    |xor_ln253_fu_18656_p2      |       xor|   0|  0|   2|           1|           2|
    |xor_ln464_fu_18899_p2      |       xor|   0|  0|   2|           2|           1|
    +---------------------------+----------+----+---+----+------------+------------+
    |Total                      |          |   0|  0|1702|        1333|         860|
    +---------------------------+----------+----+---+----+------------+------------+

    * Multiplexer: 
    +----------------------------------------------------------------------------------------------------------------------------------------------------------------------------------------+----+-----------+-----+-----------+
    |                                                                                          Name                                                                                          | LUT| Input Size| Bits| Total Bits|
    +----------------------------------------------------------------------------------------------------------------------------------------------------------------------------------------+----+-----------+-----+-----------+
    |ap_phi_mux_b_count_V_loc_2_phi_fu_10125_p10                                                                                                                                             |  14|          3|    5|         15|
    |ap_phi_mux_buffer_ok_flag_2_phi_fu_10105_p10                                                                                                                                            |  14|          3|    1|          3|
    |ap_phi_mux_buffer_ok_flag_5_phi_fu_11142_p34                                                                                                                                            |  20|          4|    1|          4|
    |ap_phi_mux_buffer_ok_new_5_phi_fu_11198_p34                                                                                                                                             |  14|          3|    1|          3|
    |ap_phi_mux_cont_hs_is_t_hs_is_t_hs_is_t_hs_is_t_bool_bool_bool_bool_ap_uint_5_ap_uint_11_ap_uint_11_bool_buffer_a_22_phi_fu_8610_p40                                                    |  14|          3|    1|          3|
    |ap_phi_mux_cont_hs_is_t_hs_is_t_hs_is_t_hs_is_t_bool_bool_bool_bool_ap_uint_5_ap_uint_11_ap_uint_11_bool_buffer_a_24_phi_fu_10500_p10                                                   |  14|          3|    1|          3|
    |ap_phi_mux_cont_hs_is_t_hs_is_t_hs_is_t_hs_is_t_bool_bool_bool_bool_ap_uint_5_ap_uint_11_ap_uint_11_bool_buffer_a_26_phi_fu_1592_p40                                                    |  14|          3|    1|          3|
    |ap_phi_mux_cont_hs_is_t_hs_is_t_hs_is_t_hs_is_t_bool_bool_bool_bool_ap_uint_5_ap_uint_11_ap_uint_11_bool_buffer_a_27_phi_fu_3612_p40                                                    |  14|          3|   33|         99|
    |ap_phi_mux_cont_hs_is_t_hs_is_t_hs_is_t_hs_is_t_bool_bool_bool_bool_ap_uint_5_ap_uint_11_ap_uint_11_bool_buffer_a_28_phi_fu_3657_p40                                                    |  14|          3|    1|          3|
    |ap_phi_mux_cont_hs_is_t_hs_is_t_hs_is_t_hs_is_t_bool_bool_bool_bool_ap_uint_5_ap_uint_11_ap_uint_11_bool_buffer_a_32_phi_fu_13746_p34                                                   |  14|          3|   33|         99|
    |ap_phi_mux_cont_hs_is_t_hs_is_t_hs_is_t_hs_is_t_bool_bool_bool_bool_ap_uint_5_ap_uint_11_ap_uint_11_bool_buffer_a_33_phi_fu_13799_p34                                                   |  20|          4|    1|          4|
    |ap_phi_mux_cont_hs_is_t_hs_is_t_hs_is_t_hs_is_t_bool_bool_bool_bool_ap_uint_5_ap_uint_11_ap_uint_11_bool_buffer_b_23_phi_fu_9910_p40                                                    |  14|          3|    1|          3|
    |ap_phi_mux_cont_hs_is_t_hs_is_t_hs_is_t_hs_is_t_bool_bool_bool_bool_ap_uint_5_ap_uint_11_ap_uint_11_bool_buffer_b_25_phi_fu_10920_p10                                                   |  14|          3|    1|          3|
    |ap_phi_mux_cont_hs_is_t_hs_is_t_hs_is_t_hs_is_t_bool_bool_bool_bool_ap_uint_5_ap_uint_11_ap_uint_11_bool_buffer_b_29_phi_fu_5092_p40                                                    |  14|          3|    1|          3|
    |ap_phi_mux_cont_hs_is_t_hs_is_t_hs_is_t_hs_is_t_bool_bool_bool_bool_ap_uint_5_ap_uint_11_ap_uint_11_bool_buffer_b_30_phi_fu_7112_p40                                                    |  14|          3|   33|         99|
    |ap_phi_mux_cont_hs_is_t_hs_is_t_hs_is_t_hs_is_t_bool_bool_bool_bool_ap_uint_5_ap_uint_11_ap_uint_11_bool_buffer_b_31_phi_fu_7157_p40                                                    |  14|          3|    1|          3|
    |ap_phi_mux_cont_hs_is_t_hs_is_t_hs_is_t_hs_is_t_bool_bool_bool_bool_ap_uint_5_ap_uint_11_ap_uint_11_bool_buffer_b_34_phi_fu_15926_p34                                                   |  14|          3|   33|         99|
    |ap_phi_mux_cont_hs_is_t_hs_is_t_hs_is_t_hs_is_t_bool_bool_bool_bool_ap_uint_5_ap_uint_11_ap_uint_11_bool_buffer_b_35_phi_fu_15979_p34                                                   |  20|          4|    1|          4|
    |ap_phi_mux_cont_hs_is_t_hs_is_t_hs_is_t_hs_is_t_bool_bool_bool_bool_ap_uint_ap_uint_ap_100_phi_fu_2227_p40                                                                              |  14|          3|    1|          3|
    |ap_phi_mux_cont_hs_is_t_hs_is_t_hs_is_t_hs_is_t_bool_bool_bool_bool_ap_uint_ap_uint_ap_101_phi_fu_2292_p40                                                                              |  14|          3|   33|         99|
    |ap_phi_mux_cont_hs_is_t_hs_is_t_hs_is_t_hs_is_t_bool_bool_bool_bool_ap_uint_ap_uint_ap_102_phi_fu_2337_p40                                                                              |  14|          3|    1|          3|
    |ap_phi_mux_cont_hs_is_t_hs_is_t_hs_is_t_hs_is_t_bool_bool_bool_bool_ap_uint_ap_uint_ap_103_phi_fu_2402_p40                                                                              |  14|          3|   33|         99|
    |ap_phi_mux_cont_hs_is_t_hs_is_t_hs_is_t_hs_is_t_bool_bool_bool_bool_ap_uint_ap_uint_ap_104_phi_fu_2447_p40                                                                              |  14|          3|    1|          3|
    |ap_phi_mux_cont_hs_is_t_hs_is_t_hs_is_t_hs_is_t_bool_bool_bool_bool_ap_uint_ap_uint_ap_105_phi_fu_2512_p40                                                                              |  14|          3|   33|         99|
    |ap_phi_mux_cont_hs_is_t_hs_is_t_hs_is_t_hs_is_t_bool_bool_bool_bool_ap_uint_ap_uint_ap_106_phi_fu_2557_p40                                                                              |  14|          3|    1|          3|
    |ap_phi_mux_cont_hs_is_t_hs_is_t_hs_is_t_hs_is_t_bool_bool_bool_bool_ap_uint_ap_uint_ap_107_phi_fu_2622_p40                                                                              |  14|          3|   33|         99|
    |ap_phi_mux_cont_hs_is_t_hs_is_t_hs_is_t_hs_is_t_bool_bool_bool_bool_ap_uint_ap_uint_ap_108_phi_fu_2667_p40                                                                              |  14|          3|    1|          3|
    |ap_phi_mux_cont_hs_is_t_hs_is_t_hs_is_t_hs_is_t_bool_bool_bool_bool_ap_uint_ap_uint_ap_109_phi_fu_2732_p40                                                                              |  14|          3|   33|         99|
    |ap_phi_mux_cont_hs_is_t_hs_is_t_hs_is_t_hs_is_t_bool_bool_bool_bool_ap_uint_ap_uint_ap_110_phi_fu_2777_p40                                                                              |  14|          3|    1|          3|
    |ap_phi_mux_cont_hs_is_t_hs_is_t_hs_is_t_hs_is_t_bool_bool_bool_bool_ap_uint_ap_uint_ap_111_phi_fu_2842_p40                                                                              |  14|          3|   33|         99|
    |ap_phi_mux_cont_hs_is_t_hs_is_t_hs_is_t_hs_is_t_bool_bool_bool_bool_ap_uint_ap_uint_ap_112_phi_fu_3987_p40                                                                              |  14|          3|    1|          3|
    |ap_phi_mux_cont_hs_is_t_hs_is_t_hs_is_t_hs_is_t_bool_bool_bool_bool_ap_uint_ap_uint_ap_113_phi_fu_4052_p40                                                                              |  14|          3|    1|          3|
    |ap_phi_mux_cont_hs_is_t_hs_is_t_hs_is_t_hs_is_t_bool_bool_bool_bool_ap_uint_ap_uint_ap_114_phi_fu_4117_p40                                                                              |  14|          3|    1|          3|
    |ap_phi_mux_cont_hs_is_t_hs_is_t_hs_is_t_hs_is_t_bool_bool_bool_bool_ap_uint_ap_uint_ap_115_phi_fu_4182_p40                                                                              |  14|          3|    1|          3|
    |ap_phi_mux_cont_hs_is_t_hs_is_t_hs_is_t_hs_is_t_bool_bool_bool_bool_ap_uint_ap_uint_ap_116_phi_fu_4247_p40                                                                              |  14|          3|    1|          3|
    |ap_phi_mux_cont_hs_is_t_hs_is_t_hs_is_t_hs_is_t_bool_bool_bool_bool_ap_uint_ap_uint_ap_117_phi_fu_4312_p40                                                                              |  14|          3|    1|          3|
    |ap_phi_mux_cont_hs_is_t_hs_is_t_hs_is_t_hs_is_t_bool_bool_bool_bool_ap_uint_ap_uint_ap_118_phi_fu_4377_p40                                                                              |  14|          3|    1|          3|
    |ap_phi_mux_cont_hs_is_t_hs_is_t_hs_is_t_hs_is_t_bool_bool_bool_bool_ap_uint_ap_uint_ap_119_phi_fu_4442_p40                                                                              |  14|          3|    1|          3|
    |ap_phi_mux_cont_hs_is_t_hs_is_t_hs_is_t_hs_is_t_bool_bool_bool_bool_ap_uint_ap_uint_ap_120_phi_fu_4507_p40                                                                              |  14|          3|    1|          3|
    |ap_phi_mux_cont_hs_is_t_hs_is_t_hs_is_t_hs_is_t_bool_bool_bool_bool_ap_uint_ap_uint_ap_121_phi_fu_4572_p40                                                                              |  14|          3|    1|          3|
    |ap_phi_mux_cont_hs_is_t_hs_is_t_hs_is_t_hs_is_t_bool_bool_bool_bool_ap_uint_ap_uint_ap_122_phi_fu_5287_p40                                                                              |  14|          3|    1|          3|
    |ap_phi_mux_cont_hs_is_t_hs_is_t_hs_is_t_hs_is_t_bool_bool_bool_bool_ap_uint_ap_uint_ap_123_phi_fu_5352_p40                                                                              |  14|          3|   33|         99|
    |ap_phi_mux_cont_hs_is_t_hs_is_t_hs_is_t_hs_is_t_bool_bool_bool_bool_ap_uint_ap_uint_ap_124_phi_fu_5397_p40                                                                              |  14|          3|    1|          3|
    |ap_phi_mux_cont_hs_is_t_hs_is_t_hs_is_t_hs_is_t_bool_bool_bool_bool_ap_uint_ap_uint_ap_125_phi_fu_5462_p40                                                                              |  14|          3|   33|         99|
    |ap_phi_mux_cont_hs_is_t_hs_is_t_hs_is_t_hs_is_t_bool_bool_bool_bool_ap_uint_ap_uint_ap_126_phi_fu_5507_p40                                                                              |  14|          3|    1|          3|
    |ap_phi_mux_cont_hs_is_t_hs_is_t_hs_is_t_hs_is_t_bool_bool_bool_bool_ap_uint_ap_uint_ap_127_phi_fu_5572_p40                                                                              |  14|          3|   33|         99|
    |ap_phi_mux_cont_hs_is_t_hs_is_t_hs_is_t_hs_is_t_bool_bool_bool_bool_ap_uint_ap_uint_ap_128_phi_fu_5617_p40                                                                              |  14|          3|    1|          3|
    |ap_phi_mux_cont_hs_is_t_hs_is_t_hs_is_t_hs_is_t_bool_bool_bool_bool_ap_uint_ap_uint_ap_129_phi_fu_5682_p40                                                                              |  14|          3|   33|         99|
    |ap_phi_mux_cont_hs_is_t_hs_is_t_hs_is_t_hs_is_t_bool_bool_bool_bool_ap_uint_ap_uint_ap_130_phi_fu_5727_p40                                                                              |  14|          3|    1|          3|
    |ap_phi_mux_cont_hs_is_t_hs_is_t_hs_is_t_hs_is_t_bool_bool_bool_bool_ap_uint_ap_uint_ap_131_phi_fu_5792_p40                                                                              |  14|          3|   33|         99|
    |ap_phi_mux_cont_hs_is_t_hs_is_t_hs_is_t_hs_is_t_bool_bool_bool_bool_ap_uint_ap_uint_ap_132_phi_fu_5837_p40                                                                              |  14|          3|    1|          3|
    |ap_phi_mux_cont_hs_is_t_hs_is_t_hs_is_t_hs_is_t_bool_bool_bool_bool_ap_uint_ap_uint_ap_133_phi_fu_5902_p40                                                                              |  14|          3|   33|         99|
    |ap_phi_mux_cont_hs_is_t_hs_is_t_hs_is_t_hs_is_t_bool_bool_bool_bool_ap_uint_ap_uint_ap_134_phi_fu_5947_p40                                                                              |  14|          3|    1|          3|
    |ap_phi_mux_cont_hs_is_t_hs_is_t_hs_is_t_hs_is_t_bool_bool_bool_bool_ap_uint_ap_uint_ap_135_phi_fu_6012_p40                                                                              |  14|          3|   33|         99|
    |ap_phi_mux_cont_hs_is_t_hs_is_t_hs_is_t_hs_is_t_bool_bool_bool_bool_ap_uint_ap_uint_ap_136_phi_fu_6057_p40                                                                              |  14|          3|    1|          3|
    |ap_phi_mux_cont_hs_is_t_hs_is_t_hs_is_t_hs_is_t_bool_bool_bool_bool_ap_uint_ap_uint_ap_137_phi_fu_6122_p40                                                                              |  14|          3|   33|         99|
    |ap_phi_mux_cont_hs_is_t_hs_is_t_hs_is_t_hs_is_t_bool_bool_bool_bool_ap_uint_ap_uint_ap_138_phi_fu_6167_p40                                                                              |  14|          3|    1|          3|
    |ap_phi_mux_cont_hs_is_t_hs_is_t_hs_is_t_hs_is_t_bool_bool_bool_bool_ap_uint_ap_uint_ap_139_phi_fu_6232_p40                                                                              |  14|          3|   33|         99|
    |ap_phi_mux_cont_hs_is_t_hs_is_t_hs_is_t_hs_is_t_bool_bool_bool_bool_ap_uint_ap_uint_ap_140_phi_fu_6277_p40                                                                              |  14|          3|    1|          3|
    |ap_phi_mux_cont_hs_is_t_hs_is_t_hs_is_t_hs_is_t_bool_bool_bool_bool_ap_uint_ap_uint_ap_141_phi_fu_6342_p40                                                                              |  14|          3|   33|         99|
    |ap_phi_mux_cont_hs_is_t_hs_is_t_hs_is_t_hs_is_t_bool_bool_bool_bool_ap_uint_ap_uint_ap_142_phi_fu_11946_p34                                                                             |  20|          4|    1|          4|
    |ap_phi_mux_cont_hs_is_t_hs_is_t_hs_is_t_hs_is_t_bool_bool_bool_bool_ap_uint_ap_uint_ap_143_phi_fu_12002_p34                                                                             |  14|          3|   33|         99|
    |ap_phi_mux_cont_hs_is_t_hs_is_t_hs_is_t_hs_is_t_bool_bool_bool_bool_ap_uint_ap_uint_ap_144_phi_fu_12055_p34                                                                             |  20|          4|    1|          4|
    |ap_phi_mux_cont_hs_is_t_hs_is_t_hs_is_t_hs_is_t_bool_bool_bool_bool_ap_uint_ap_uint_ap_145_phi_fu_12111_p34                                                                             |  14|          3|   33|         99|
    |ap_phi_mux_cont_hs_is_t_hs_is_t_hs_is_t_hs_is_t_bool_bool_bool_bool_ap_uint_ap_uint_ap_146_phi_fu_12164_p34                                                                             |  20|          4|    1|          4|
    |ap_phi_mux_cont_hs_is_t_hs_is_t_hs_is_t_hs_is_t_bool_bool_bool_bool_ap_uint_ap_uint_ap_147_phi_fu_12220_p34                                                                             |  14|          3|   33|         99|
    |ap_phi_mux_cont_hs_is_t_hs_is_t_hs_is_t_hs_is_t_bool_bool_bool_bool_ap_uint_ap_uint_ap_148_phi_fu_12273_p34                                                                             |  20|          4|    1|          4|
    |ap_phi_mux_cont_hs_is_t_hs_is_t_hs_is_t_hs_is_t_bool_bool_bool_bool_ap_uint_ap_uint_ap_149_phi_fu_12329_p34                                                                             |  14|          3|   33|         99|
    |ap_phi_mux_cont_hs_is_t_hs_is_t_hs_is_t_hs_is_t_bool_bool_bool_bool_ap_uint_ap_uint_ap_150_phi_fu_12382_p34                                                                             |  20|          4|    1|          4|
    |ap_phi_mux_cont_hs_is_t_hs_is_t_hs_is_t_hs_is_t_bool_bool_bool_bool_ap_uint_ap_uint_ap_151_phi_fu_12438_p34                                                                             |  14|          3|   33|         99|
    |ap_phi_mux_cont_hs_is_t_hs_is_t_hs_is_t_hs_is_t_bool_bool_bool_bool_ap_uint_ap_uint_ap_152_phi_fu_12491_p34                                                                             |  20|          4|    1|          4|
    |ap_phi_mux_cont_hs_is_t_hs_is_t_hs_is_t_hs_is_t_bool_bool_bool_bool_ap_uint_ap_uint_ap_153_phi_fu_12547_p34                                                                             |  14|          3|   33|         99|
    |ap_phi_mux_cont_hs_is_t_hs_is_t_hs_is_t_hs_is_t_bool_bool_bool_bool_ap_uint_ap_uint_ap_154_phi_fu_12600_p34                                                                             |  20|          4|    1|          4|
    |ap_phi_mux_cont_hs_is_t_hs_is_t_hs_is_t_hs_is_t_bool_bool_bool_bool_ap_uint_ap_uint_ap_155_phi_fu_12656_p34                                                                             |  14|          3|   33|         99|
    |ap_phi_mux_cont_hs_is_t_hs_is_t_hs_is_t_hs_is_t_bool_bool_bool_bool_ap_uint_ap_uint_ap_156_phi_fu_12709_p34                                                                             |  20|          4|    1|          4|
    |ap_phi_mux_cont_hs_is_t_hs_is_t_hs_is_t_hs_is_t_bool_bool_bool_bool_ap_uint_ap_uint_ap_157_phi_fu_12765_p34                                                                             |  14|          3|   33|         99|
    |ap_phi_mux_cont_hs_is_t_hs_is_t_hs_is_t_hs_is_t_bool_bool_bool_bool_ap_uint_ap_uint_ap_158_phi_fu_12818_p34                                                                             |  20|          4|    1|          4|
    |ap_phi_mux_cont_hs_is_t_hs_is_t_hs_is_t_hs_is_t_bool_bool_bool_bool_ap_uint_ap_uint_ap_159_phi_fu_12874_p34                                                                             |  14|          3|   33|         99|
    |ap_phi_mux_cont_hs_is_t_hs_is_t_hs_is_t_hs_is_t_bool_bool_bool_bool_ap_uint_ap_uint_ap_160_phi_fu_12927_p34                                                                             |  20|          4|    1|          4|
    |ap_phi_mux_cont_hs_is_t_hs_is_t_hs_is_t_hs_is_t_bool_bool_bool_bool_ap_uint_ap_uint_ap_161_phi_fu_12983_p34                                                                             |  14|          3|   33|         99|
    |ap_phi_mux_cont_hs_is_t_hs_is_t_hs_is_t_hs_is_t_bool_bool_bool_bool_ap_uint_ap_uint_ap_162_phi_fu_14126_p34                                                                             |  20|          4|    1|          4|
    |ap_phi_mux_cont_hs_is_t_hs_is_t_hs_is_t_hs_is_t_bool_bool_bool_bool_ap_uint_ap_uint_ap_163_phi_fu_14182_p34                                                                             |  14|          3|   33|         99|
    |ap_phi_mux_cont_hs_is_t_hs_is_t_hs_is_t_hs_is_t_bool_bool_bool_bool_ap_uint_ap_uint_ap_164_phi_fu_14235_p34                                                                             |  20|          4|    1|          4|
    |ap_phi_mux_cont_hs_is_t_hs_is_t_hs_is_t_hs_is_t_bool_bool_bool_bool_ap_uint_ap_uint_ap_165_phi_fu_14291_p34                                                                             |  14|          3|   33|         99|
    |ap_phi_mux_cont_hs_is_t_hs_is_t_hs_is_t_hs_is_t_bool_bool_bool_bool_ap_uint_ap_uint_ap_166_phi_fu_14344_p34                                                                             |  20|          4|    1|          4|
    |ap_phi_mux_cont_hs_is_t_hs_is_t_hs_is_t_hs_is_t_bool_bool_bool_bool_ap_uint_ap_uint_ap_167_phi_fu_14400_p34                                                                             |  14|          3|   33|         99|
    |ap_phi_mux_cont_hs_is_t_hs_is_t_hs_is_t_hs_is_t_bool_bool_bool_bool_ap_uint_ap_uint_ap_168_phi_fu_14453_p34                                                                             |  20|          4|    1|          4|
    |ap_phi_mux_cont_hs_is_t_hs_is_t_hs_is_t_hs_is_t_bool_bool_bool_bool_ap_uint_ap_uint_ap_169_phi_fu_14509_p34                                                                             |  14|          3|   33|         99|
    |ap_phi_mux_cont_hs_is_t_hs_is_t_hs_is_t_hs_is_t_bool_bool_bool_bool_ap_uint_ap_uint_ap_170_phi_fu_14562_p34                                                                             |  20|          4|    1|          4|
    |ap_phi_mux_cont_hs_is_t_hs_is_t_hs_is_t_hs_is_t_bool_bool_bool_bool_ap_uint_ap_uint_ap_171_phi_fu_14618_p34                                                                             |  14|          3|   33|         99|
    |ap_phi_mux_cont_hs_is_t_hs_is_t_hs_is_t_hs_is_t_bool_bool_bool_bool_ap_uint_ap_uint_ap_172_phi_fu_14671_p34                                                                             |  20|          4|    1|          4|
    |ap_phi_mux_cont_hs_is_t_hs_is_t_hs_is_t_hs_is_t_bool_bool_bool_bool_ap_uint_ap_uint_ap_173_phi_fu_14727_p34                                                                             |  14|          3|   33|         99|
    |ap_phi_mux_cont_hs_is_t_hs_is_t_hs_is_t_hs_is_t_bool_bool_bool_bool_ap_uint_ap_uint_ap_174_phi_fu_14780_p34                                                                             |  20|          4|    1|          4|
    |ap_phi_mux_cont_hs_is_t_hs_is_t_hs_is_t_hs_is_t_bool_bool_bool_bool_ap_uint_ap_uint_ap_175_phi_fu_14836_p34                                                                             |  14|          3|   33|         99|
    |ap_phi_mux_cont_hs_is_t_hs_is_t_hs_is_t_hs_is_t_bool_bool_bool_bool_ap_uint_ap_uint_ap_176_phi_fu_14889_p34                                                                             |  20|          4|    1|          4|
    |ap_phi_mux_cont_hs_is_t_hs_is_t_hs_is_t_hs_is_t_bool_bool_bool_bool_ap_uint_ap_uint_ap_177_phi_fu_14945_p34                                                                             |  14|          3|   33|         99|
    |ap_phi_mux_cont_hs_is_t_hs_is_t_hs_is_t_hs_is_t_bool_bool_bool_bool_ap_uint_ap_uint_ap_178_phi_fu_14998_p34                                                                             |  20|          4|    1|          4|
    |ap_phi_mux_cont_hs_is_t_hs_is_t_hs_is_t_hs_is_t_bool_bool_bool_bool_ap_uint_ap_uint_ap_179_phi_fu_15054_p34                                                                             |  14|          3|   33|         99|
    |ap_phi_mux_cont_hs_is_t_hs_is_t_hs_is_t_hs_is_t_bool_bool_bool_bool_ap_uint_ap_uint_ap_180_phi_fu_15107_p34                                                                             |  20|          4|    1|          4|
    |ap_phi_mux_cont_hs_is_t_hs_is_t_hs_is_t_hs_is_t_bool_bool_bool_bool_ap_uint_ap_uint_ap_181_phi_fu_15163_p34                                                                             |  14|          3|   33|         99|
    |ap_phi_mux_cont_hs_is_t_hs_is_t_hs_is_t_hs_is_t_bool_bool_bool_bool_ap_uint_ap_uint_ap_40_phi_fu_7505_p40                                                                               |  14|          3|    1|          3|
    |ap_phi_mux_cont_hs_is_t_hs_is_t_hs_is_t_hs_is_t_bool_bool_bool_bool_ap_uint_ap_uint_ap_41_phi_fu_7570_p40                                                                               |  14|          3|    1|          3|
    |ap_phi_mux_cont_hs_is_t_hs_is_t_hs_is_t_hs_is_t_bool_bool_bool_bool_ap_uint_ap_uint_ap_42_phi_fu_7635_p40                                                                               |  14|          3|    1|          3|
    |ap_phi_mux_cont_hs_is_t_hs_is_t_hs_is_t_hs_is_t_bool_bool_bool_bool_ap_uint_ap_uint_ap_43_phi_fu_7700_p40                                                                               |  14|          3|    1|          3|
    |ap_phi_mux_cont_hs_is_t_hs_is_t_hs_is_t_hs_is_t_bool_bool_bool_bool_ap_uint_ap_uint_ap_44_phi_fu_7765_p40                                                                               |  14|          3|    1|          3|
    |ap_phi_mux_cont_hs_is_t_hs_is_t_hs_is_t_hs_is_t_bool_bool_bool_bool_ap_uint_ap_uint_ap_45_phi_fu_7830_p40                                                                               |  14|          3|    1|          3|
    |ap_phi_mux_cont_hs_is_t_hs_is_t_hs_is_t_hs_is_t_bool_bool_bool_bool_ap_uint_ap_uint_ap_46_phi_fu_7895_p40                                                                               |  14|          3|    1|          3|
    |ap_phi_mux_cont_hs_is_t_hs_is_t_hs_is_t_hs_is_t_bool_bool_bool_bool_ap_uint_ap_uint_ap_47_phi_fu_7960_p40                                                                               |  14|          3|    1|          3|
    |ap_phi_mux_cont_hs_is_t_hs_is_t_hs_is_t_hs_is_t_bool_bool_bool_bool_ap_uint_ap_uint_ap_48_phi_fu_8025_p40                                                                               |  14|          3|    1|          3|
    |ap_phi_mux_cont_hs_is_t_hs_is_t_hs_is_t_hs_is_t_bool_bool_bool_bool_ap_uint_ap_uint_ap_49_phi_fu_8090_p40                                                                               |  14|          3|    1|          3|
    |ap_phi_mux_cont_hs_is_t_hs_is_t_hs_is_t_hs_is_t_bool_bool_bool_bool_ap_uint_ap_uint_ap_50_phi_fu_8805_p40                                                                               |  14|          3|    1|          3|
    |ap_phi_mux_cont_hs_is_t_hs_is_t_hs_is_t_hs_is_t_bool_bool_bool_bool_ap_uint_ap_uint_ap_51_phi_fu_8870_p40                                                                               |  14|          3|    1|          3|
    |ap_phi_mux_cont_hs_is_t_hs_is_t_hs_is_t_hs_is_t_bool_bool_bool_bool_ap_uint_ap_uint_ap_52_phi_fu_8935_p40                                                                               |  14|          3|    1|          3|
    |ap_phi_mux_cont_hs_is_t_hs_is_t_hs_is_t_hs_is_t_bool_bool_bool_bool_ap_uint_ap_uint_ap_53_phi_fu_9000_p40                                                                               |  14|          3|    1|          3|
    |ap_phi_mux_cont_hs_is_t_hs_is_t_hs_is_t_hs_is_t_bool_bool_bool_bool_ap_uint_ap_uint_ap_54_phi_fu_9065_p40                                                                               |  14|          3|    1|          3|
    |ap_phi_mux_cont_hs_is_t_hs_is_t_hs_is_t_hs_is_t_bool_bool_bool_bool_ap_uint_ap_uint_ap_55_phi_fu_9130_p40                                                                               |  14|          3|    1|          3|
    |ap_phi_mux_cont_hs_is_t_hs_is_t_hs_is_t_hs_is_t_bool_bool_bool_bool_ap_uint_ap_uint_ap_56_phi_fu_9195_p40                                                                               |  14|          3|    1|          3|
    |ap_phi_mux_cont_hs_is_t_hs_is_t_hs_is_t_hs_is_t_bool_bool_bool_bool_ap_uint_ap_uint_ap_57_phi_fu_9260_p40                                                                               |  14|          3|    1|          3|
    |ap_phi_mux_cont_hs_is_t_hs_is_t_hs_is_t_hs_is_t_bool_bool_bool_bool_ap_uint_ap_uint_ap_58_phi_fu_9325_p40                                                                               |  14|          3|    1|          3|
    |ap_phi_mux_cont_hs_is_t_hs_is_t_hs_is_t_hs_is_t_bool_bool_bool_bool_ap_uint_ap_uint_ap_59_phi_fu_9390_p40                                                                               |  14|          3|    1|          3|
    |ap_phi_mux_cont_hs_is_t_hs_is_t_hs_is_t_hs_is_t_bool_bool_bool_bool_ap_uint_ap_uint_ap_60_phi_fu_10140_p10                                                                              |  14|          3|    1|          3|
    |ap_phi_mux_cont_hs_is_t_hs_is_t_hs_is_t_hs_is_t_bool_bool_bool_bool_ap_uint_ap_uint_ap_62_phi_fu_10180_p10                                                                              |  14|          3|    1|          3|
    |ap_phi_mux_cont_hs_is_t_hs_is_t_hs_is_t_hs_is_t_bool_bool_bool_bool_ap_uint_ap_uint_ap_63_phi_fu_10200_p10                                                                              |  14|          3|    1|          3|
    |ap_phi_mux_cont_hs_is_t_hs_is_t_hs_is_t_hs_is_t_bool_bool_bool_bool_ap_uint_ap_uint_ap_64_phi_fu_10220_p10                                                                              |  14|          3|    1|          3|
    |ap_phi_mux_cont_hs_is_t_hs_is_t_hs_is_t_hs_is_t_bool_bool_bool_bool_ap_uint_ap_uint_ap_65_phi_fu_10240_p10                                                                              |  14|          3|    1|          3|
    |ap_phi_mux_cont_hs_is_t_hs_is_t_hs_is_t_hs_is_t_bool_bool_bool_bool_ap_uint_ap_uint_ap_66_phi_fu_10260_p10                                                                              |  14|          3|    1|          3|
    |ap_phi_mux_cont_hs_is_t_hs_is_t_hs_is_t_hs_is_t_bool_bool_bool_bool_ap_uint_ap_uint_ap_67_phi_fu_10280_p10                                                                              |  14|          3|    1|          3|
    |ap_phi_mux_cont_hs_is_t_hs_is_t_hs_is_t_hs_is_t_bool_bool_bool_bool_ap_uint_ap_uint_ap_68_phi_fu_10300_p10                                                                              |  14|          3|    1|          3|
    |ap_phi_mux_cont_hs_is_t_hs_is_t_hs_is_t_hs_is_t_bool_bool_bool_bool_ap_uint_ap_uint_ap_69_phi_fu_10320_p10                                                                              |  14|          3|    1|          3|
    |ap_phi_mux_cont_hs_is_t_hs_is_t_hs_is_t_hs_is_t_bool_bool_bool_bool_ap_uint_ap_uint_ap_70_phi_fu_10340_p10                                                                              |  14|          3|    1|          3|
    |ap_phi_mux_cont_hs_is_t_hs_is_t_hs_is_t_hs_is_t_bool_bool_bool_bool_ap_uint_ap_uint_ap_71_phi_fu_10560_p10                                                                              |  14|          3|    1|          3|
    |ap_phi_mux_cont_hs_is_t_hs_is_t_hs_is_t_hs_is_t_bool_bool_bool_bool_ap_uint_ap_uint_ap_73_phi_fu_10600_p10                                                                              |  14|          3|    1|          3|
    |ap_phi_mux_cont_hs_is_t_hs_is_t_hs_is_t_hs_is_t_bool_bool_bool_bool_ap_uint_ap_uint_ap_74_phi_fu_10620_p10                                                                              |  14|          3|    1|          3|
    |ap_phi_mux_cont_hs_is_t_hs_is_t_hs_is_t_hs_is_t_bool_bool_bool_bool_ap_uint_ap_uint_ap_75_phi_fu_10640_p10                                                                              |  14|          3|    1|          3|
    |ap_phi_mux_cont_hs_is_t_hs_is_t_hs_is_t_hs_is_t_bool_bool_bool_bool_ap_uint_ap_uint_ap_76_phi_fu_10660_p10                                                                              |  14|          3|    1|          3|
    |ap_phi_mux_cont_hs_is_t_hs_is_t_hs_is_t_hs_is_t_bool_bool_bool_bool_ap_uint_ap_uint_ap_77_phi_fu_10680_p10                                                                              |  14|          3|    1|          3|
    |ap_phi_mux_cont_hs_is_t_hs_is_t_hs_is_t_hs_is_t_bool_bool_bool_bool_ap_uint_ap_uint_ap_78_phi_fu_10700_p10                                                                              |  14|          3|    1|          3|
    |ap_phi_mux_cont_hs_is_t_hs_is_t_hs_is_t_hs_is_t_bool_bool_bool_bool_ap_uint_ap_uint_ap_79_phi_fu_10720_p10                                                                              |  14|          3|    1|          3|
    |ap_phi_mux_cont_hs_is_t_hs_is_t_hs_is_t_hs_is_t_bool_bool_bool_bool_ap_uint_ap_uint_ap_80_phi_fu_10740_p10                                                                              |  14|          3|    1|          3|
    |ap_phi_mux_cont_hs_is_t_hs_is_t_hs_is_t_hs_is_t_bool_bool_bool_bool_ap_uint_ap_uint_ap_81_phi_fu_10760_p10                                                                              |  14|          3|    1|          3|
    |ap_phi_mux_cont_hs_is_t_hs_is_t_hs_is_t_hs_is_t_bool_bool_bool_bool_ap_uint_ap_uint_ap_82_phi_fu_487_p40                                                                                |  14|          3|    1|          3|
    |ap_phi_mux_cont_hs_is_t_hs_is_t_hs_is_t_hs_is_t_bool_bool_bool_bool_ap_uint_ap_uint_ap_83_phi_fu_552_p40                                                                                |  14|          3|    1|          3|
    |ap_phi_mux_cont_hs_is_t_hs_is_t_hs_is_t_hs_is_t_bool_bool_bool_bool_ap_uint_ap_uint_ap_84_phi_fu_617_p40                                                                                |  14|          3|    1|          3|
    |ap_phi_mux_cont_hs_is_t_hs_is_t_hs_is_t_hs_is_t_bool_bool_bool_bool_ap_uint_ap_uint_ap_85_phi_fu_682_p40                                                                                |  14|          3|    1|          3|
    |ap_phi_mux_cont_hs_is_t_hs_is_t_hs_is_t_hs_is_t_bool_bool_bool_bool_ap_uint_ap_uint_ap_86_phi_fu_747_p40                                                                                |  14|          3|    1|          3|
    |ap_phi_mux_cont_hs_is_t_hs_is_t_hs_is_t_hs_is_t_bool_bool_bool_bool_ap_uint_ap_uint_ap_87_phi_fu_812_p40                                                                                |  14|          3|    1|          3|
    |ap_phi_mux_cont_hs_is_t_hs_is_t_hs_is_t_hs_is_t_bool_bool_bool_bool_ap_uint_ap_uint_ap_88_phi_fu_877_p40                                                                                |  14|          3|    1|          3|
    |ap_phi_mux_cont_hs_is_t_hs_is_t_hs_is_t_hs_is_t_bool_bool_bool_bool_ap_uint_ap_uint_ap_89_phi_fu_942_p40                                                                                |  14|          3|    1|          3|
    |ap_phi_mux_cont_hs_is_t_hs_is_t_hs_is_t_hs_is_t_bool_bool_bool_bool_ap_uint_ap_uint_ap_90_phi_fu_1007_p40                                                                               |  14|          3|    1|          3|
    |ap_phi_mux_cont_hs_is_t_hs_is_t_hs_is_t_hs_is_t_bool_bool_bool_bool_ap_uint_ap_uint_ap_91_phi_fu_1072_p40                                                                               |  14|          3|    1|          3|
    |ap_phi_mux_cont_hs_is_t_hs_is_t_hs_is_t_hs_is_t_bool_bool_bool_bool_ap_uint_ap_uint_ap_92_phi_fu_1787_p40                                                                               |  14|          3|    1|          3|
    |ap_phi_mux_cont_hs_is_t_hs_is_t_hs_is_t_hs_is_t_bool_bool_bool_bool_ap_uint_ap_uint_ap_93_phi_fu_1852_p40                                                                               |  14|          3|   33|         99|
    |ap_phi_mux_cont_hs_is_t_hs_is_t_hs_is_t_hs_is_t_bool_bool_bool_bool_ap_uint_ap_uint_ap_94_phi_fu_1897_p40                                                                               |  14|          3|    1|          3|
    |ap_phi_mux_cont_hs_is_t_hs_is_t_hs_is_t_hs_is_t_bool_bool_bool_bool_ap_uint_ap_uint_ap_95_phi_fu_1962_p40                                                                               |  14|          3|   33|         99|
    |ap_phi_mux_cont_hs_is_t_hs_is_t_hs_is_t_hs_is_t_bool_bool_bool_bool_ap_uint_ap_uint_ap_96_phi_fu_2007_p40                                                                               |  14|          3|    1|          3|
    |ap_phi_mux_cont_hs_is_t_hs_is_t_hs_is_t_hs_is_t_bool_bool_bool_bool_ap_uint_ap_uint_ap_97_phi_fu_2072_p40                                                                               |  14|          3|   33|         99|
    |ap_phi_mux_cont_hs_is_t_hs_is_t_hs_is_t_hs_is_t_bool_bool_bool_bool_ap_uint_ap_uint_ap_98_phi_fu_2117_p40                                                                               |  14|          3|    1|          3|
    |ap_phi_mux_cont_hs_is_t_hs_is_t_hs_is_t_hs_is_t_bool_bool_bool_bool_ap_uint_ap_uint_ap_99_phi_fu_2182_p40                                                                               |  14|          3|   33|         99|
    |ap_phi_mux_cont_mulmulmulmulmulmulhs_is_t_hs_is_t_hs_is_t_hs_is_t_bool_bool_bool_bool_ap_uint_5_ap_uint_11_ap_uint_11_bool_buffer_a_f_long_signed_char_float128_0_phi_fu_8285_p40       |  14|          3|    1|          3|
    |ap_phi_mux_cont_mulmulmulmulmulmulhs_is_t_hs_is_t_hs_is_t_hs_is_t_bool_bool_bool_bool_ap_uint_5_ap_uint_11_ap_uint_11_bool_buffer_a_f_long_signed_char_float128_3_phi_fu_10400_p10      |  14|          3|    1|          3|
    |ap_phi_mux_cont_mulmulmulmulmulmulhs_is_t_hs_is_t_hs_is_t_hs_is_t_bool_bool_bool_bool_ap_uint_5_ap_uint_11_ap_uint_11_bool_buffer_a_f_long_signed_char_float128_4_phi_fu_1267_p40       |  14|          3|    1|          3|
    |ap_phi_mux_cont_mulmulmulmulmulmulhs_is_t_hs_is_t_hs_is_t_hs_is_t_bool_bool_bool_bool_ap_uint_5_ap_uint_11_ap_uint_11_bool_buffer_a_f_long_signed_char_float128_5_phi_fu_3107_p40       |  14|          3|    1|          3|
    |ap_phi_mux_cont_mulmulmulmulmulmulhs_is_t_hs_is_t_hs_is_t_hs_is_t_bool_bool_bool_bool_ap_uint_5_ap_uint_11_ap_uint_11_bool_buffer_a_f_long_signed_char_float128_6_phi_fu_13254_p34      |  20|          4|    1|          4|
    |ap_phi_mux_cont_mulmulmulmulmulmulhs_is_t_hs_is_t_hs_is_t_hs_is_t_bool_bool_bool_bool_ap_uint_5_ap_uint_11_ap_uint_11_bool_buffer_a_fl_signed_char_float128_0_phi_fu_8350_p40           |  14|          3|    1|          3|
    |ap_phi_mux_cont_mulmulmulmulmulmulhs_is_t_hs_is_t_hs_is_t_hs_is_t_bool_bool_bool_bool_ap_uint_5_ap_uint_11_ap_uint_11_bool_buffer_a_fl_signed_char_float128_3_phi_fu_10420_p10          |  14|          3|    1|          3|
    |ap_phi_mux_cont_mulmulmulmulmulmulhs_is_t_hs_is_t_hs_is_t_hs_is_t_bool_bool_bool_bool_ap_uint_5_ap_uint_11_ap_uint_11_bool_buffer_a_fl_signed_char_float128_4_phi_fu_1332_p40           |  14|          3|    1|          3|
    |ap_phi_mux_cont_mulmulmulmulmulmulhs_is_t_hs_is_t_hs_is_t_hs_is_t_bool_bool_bool_bool_ap_uint_5_ap_uint_11_ap_uint_11_bool_buffer_a_fl_signed_char_float128_5_phi_fu_3217_p40           |  14|          3|    1|          3|
    |ap_phi_mux_cont_mulmulmulmulmulmulhs_is_t_hs_is_t_hs_is_t_hs_is_t_bool_bool_bool_bool_ap_uint_5_ap_uint_11_ap_uint_11_bool_buffer_a_fl_signed_char_float128_6_phi_fu_13363_p34          |  20|          4|    1|          4|
    |ap_phi_mux_cont_mulmulmulmulmulmulhs_is_t_hs_is_t_hs_is_t_hs_is_t_bool_bool_bool_bool_ap_uint_5_ap_uint_11_ap_uint_11_bool_buffer_a_fla_float128_0_phi_fu_8415_p40                      |  14|          3|    1|          3|
    |ap_phi_mux_cont_mulmulmulmulmulmulhs_is_t_hs_is_t_hs_is_t_hs_is_t_bool_bool_bool_bool_ap_uint_5_ap_uint_11_ap_uint_11_bool_buffer_a_fla_float128_3_phi_fu_10440_p10                     |  14|          3|    1|          3|
    |ap_phi_mux_cont_mulmulmulmulmulmulhs_is_t_hs_is_t_hs_is_t_hs_is_t_bool_bool_bool_bool_ap_uint_5_ap_uint_11_ap_uint_11_bool_buffer_a_fla_float128_4_phi_fu_1397_p40                      |  14|          3|    1|          3|
    |ap_phi_mux_cont_mulmulmulmulmulmulhs_is_t_hs_is_t_hs_is_t_hs_is_t_bool_bool_bool_bool_ap_uint_5_ap_uint_11_ap_uint_11_bool_buffer_a_fla_float128_5_phi_fu_3327_p40                      |  14|          3|    1|          3|
    |ap_phi_mux_cont_mulmulmulmulmulmulhs_is_t_hs_is_t_hs_is_t_hs_is_t_bool_bool_bool_bool_ap_uint_5_ap_uint_11_ap_uint_11_bool_buffer_a_fla_float128_6_phi_fu_13472_p34                     |  20|          4|    1|          4|
    |ap_phi_mux_cont_mulmulmulmulmulmulhs_is_t_hs_is_t_hs_is_t_hs_is_t_bool_bool_bool_bool_ap_uint_5_ap_uint_11_ap_uint_11_bool_buffer_a_flag_0_phi_fu_8480_p40                              |  14|          3|    1|          3|
    |ap_phi_mux_cont_mulmulmulmulmulmulhs_is_t_hs_is_t_hs_is_t_hs_is_t_bool_bool_bool_bool_ap_uint_5_ap_uint_11_ap_uint_11_bool_buffer_a_flag_3_phi_fu_10460_p10                             |  14|          3|    1|          3|
    |ap_phi_mux_cont_mulmulmulmulmulmulhs_is_t_hs_is_t_hs_is_t_hs_is_t_bool_bool_bool_bool_ap_uint_5_ap_uint_11_ap_uint_11_bool_buffer_a_flag_4_phi_fu_1462_p40                              |  14|          3|    1|          3|
    |ap_phi_mux_cont_mulmulmulmulmulmulhs_is_t_hs_is_t_hs_is_t_hs_is_t_bool_bool_bool_bool_ap_uint_5_ap_uint_11_ap_uint_11_bool_buffer_a_flag_5_phi_fu_3437_p40                              |  14|          3|    1|          3|
    |ap_phi_mux_cont_mulmulmulmulmulmulhs_is_t_hs_is_t_hs_is_t_hs_is_t_bool_bool_bool_bool_ap_uint_5_ap_uint_11_ap_uint_11_bool_buffer_a_flag_6_phi_fu_13581_p34                             |  20|          4|    1|          4|
    |ap_phi_mux_cont_mulmulmulmulmulmulhs_is_t_hs_is_t_hs_is_t_hs_is_t_bool_bool_bool_bool_ap_uint_5_ap_uint_11_ap_uint_11_bool_buffer_a_float_long_signed_char_float128_0_phi_fu_8220_p40   |  14|          3|    1|          3|
    |ap_phi_mux_cont_mulmulmulmulmulmulhs_is_t_hs_is_t_hs_is_t_hs_is_t_bool_bool_bool_bool_ap_uint_5_ap_uint_11_ap_uint_11_bool_buffer_a_float_long_signed_char_float128_3_phi_fu_10380_p10  |  14|          3|    1|          3|
    |ap_phi_mux_cont_mulmulmulmulmulmulhs_is_t_hs_is_t_hs_is_t_hs_is_t_bool_bool_bool_bool_ap_uint_5_ap_uint_11_ap_uint_11_bool_buffer_a_float_long_signed_char_float128_4_phi_fu_1202_p40   |  14|          3|    1|          3|
    |ap_phi_mux_cont_mulmulmulmulmulmulhs_is_t_hs_is_t_hs_is_t_hs_is_t_bool_bool_bool_bool_ap_uint_5_ap_uint_11_ap_uint_11_bool_buffer_a_float_long_signed_char_float128_5_phi_fu_2997_p40   |  14|          3|    1|          3|
    |ap_phi_mux_cont_mulmulmulmulmulmulhs_is_t_hs_is_t_hs_is_t_hs_is_t_bool_bool_bool_bool_ap_uint_5_ap_uint_11_ap_uint_11_bool_buffer_a_float_long_signed_char_float128_6_phi_fu_13145_p34  |  20|          4|    1|          4|
    |ap_phi_mux_cont_mulmulmulmulmulmulhs_is_t_hs_is_t_hs_is_t_hs_is_t_bool_bool_bool_bool_ap_uint_5_ap_uint_11_ap_uint_11_bool_buffer_a_int128_long_double_wchar_t_5_phi_fu_3062_p40        |  14|          3|   33|         99|
    |ap_phi_mux_cont_mulmulmulmulmulmulhs_is_t_hs_is_t_hs_is_t_hs_is_t_bool_bool_bool_bool_ap_uint_5_ap_uint_11_ap_uint_11_bool_buffer_a_int128_long_double_wchar_t_6_phi_fu_13201_p34       |  14|          3|   33|         99|
    |ap_phi_mux_cont_mulmulmulmulmulmulhs_is_t_hs_is_t_hs_is_t_hs_is_t_bool_bool_bool_bool_ap_uint_5_ap_uint_11_ap_uint_11_bool_buffer_a_n_long_double_wchar_t_5_phi_fu_3172_p40             |  14|          3|   33|         99|
    |ap_phi_mux_cont_mulmulmulmulmulmulhs_is_t_hs_is_t_hs_is_t_hs_is_t_bool_bool_bool_bool_ap_uint_5_ap_uint_11_ap_uint_11_bool_buffer_a_n_long_double_wchar_t_6_phi_fu_13310_p34            |  14|          3|   33|         99|
    |ap_phi_mux_cont_mulmulmulmulmulmulhs_is_t_hs_is_t_hs_is_t_hs_is_t_bool_bool_bool_bool_ap_uint_5_ap_uint_11_ap_uint_11_bool_buffer_a_ne_wchar_t_5_phi_fu_3282_p40                        |  14|          3|   33|         99|
    |ap_phi_mux_cont_mulmulmulmulmulmulhs_is_t_hs_is_t_hs_is_t_hs_is_t_bool_bool_bool_bool_ap_uint_5_ap_uint_11_ap_uint_11_bool_buffer_a_ne_wchar_t_6_phi_fu_13419_p34                       |  14|          3|   33|         99|
    |ap_phi_mux_cont_mulmulmulmulmulmulhs_is_t_hs_is_t_hs_is_t_hs_is_t_bool_bool_bool_bool_ap_uint_5_ap_uint_11_ap_uint_11_bool_buffer_a_new_5_phi_fu_3392_p40                               |  14|          3|   33|         99|
    |ap_phi_mux_cont_mulmulmulmulmulmulhs_is_t_hs_is_t_hs_is_t_hs_is_t_bool_bool_bool_bool_ap_uint_5_ap_uint_11_ap_uint_11_bool_buffer_a_new_6_phi_fu_13528_p34                              |  14|          3|   33|         99|
    |ap_phi_mux_cont_mulmulmulmulmulmulhs_is_t_hs_is_t_hs_is_t_hs_is_t_bool_bool_bool_bool_ap_uint_5_ap_uint_11_ap_uint_11_bool_buffer_b_f_long_signed_char_float128_0_phi_fu_9585_p40       |  14|          3|    1|          3|
    |ap_phi_mux_cont_mulmulmulmulmulmulhs_is_t_hs_is_t_hs_is_t_hs_is_t_bool_bool_bool_bool_ap_uint_5_ap_uint_11_ap_uint_11_bool_buffer_b_f_long_signed_char_float128_3_phi_fu_10820_p10      |  14|          3|    1|          3|
    |ap_phi_mux_cont_mulmulmulmulmulmulhs_is_t_hs_is_t_hs_is_t_hs_is_t_bool_bool_bool_bool_ap_uint_5_ap_uint_11_ap_uint_11_bool_buffer_b_f_long_signed_char_float128_4_phi_fu_4767_p40       |  14|          3|    1|          3|
    |ap_phi_mux_cont_mulmulmulmulmulmulhs_is_t_hs_is_t_hs_is_t_hs_is_t_bool_bool_bool_bool_ap_uint_5_ap_uint_11_ap_uint_11_bool_buffer_b_f_long_signed_char_float128_5_phi_fu_6607_p40       |  14|          3|    1|          3|
    |ap_phi_mux_cont_mulmulmulmulmulmulhs_is_t_hs_is_t_hs_is_t_hs_is_t_bool_bool_bool_bool_ap_uint_5_ap_uint_11_ap_uint_11_bool_buffer_b_f_long_signed_char_float128_6_phi_fu_15434_p34      |  20|          4|    1|          4|
    |ap_phi_mux_cont_mulmulmulmulmulmulhs_is_t_hs_is_t_hs_is_t_hs_is_t_bool_bool_bool_bool_ap_uint_5_ap_uint_11_ap_uint_11_bool_buffer_b_fl_signed_char_float128_0_phi_fu_9650_p40           |  14|          3|    1|          3|
    |ap_phi_mux_cont_mulmulmulmulmulmulhs_is_t_hs_is_t_hs_is_t_hs_is_t_bool_bool_bool_bool_ap_uint_5_ap_uint_11_ap_uint_11_bool_buffer_b_fl_signed_char_float128_3_phi_fu_10840_p10          |  14|          3|    1|          3|
    |ap_phi_mux_cont_mulmulmulmulmulmulhs_is_t_hs_is_t_hs_is_t_hs_is_t_bool_bool_bool_bool_ap_uint_5_ap_uint_11_ap_uint_11_bool_buffer_b_fl_signed_char_float128_4_phi_fu_4832_p40           |  14|          3|    1|          3|
    |ap_phi_mux_cont_mulmulmulmulmulmulhs_is_t_hs_is_t_hs_is_t_hs_is_t_bool_bool_bool_bool_ap_uint_5_ap_uint_11_ap_uint_11_bool_buffer_b_fl_signed_char_float128_5_phi_fu_6717_p40           |  14|          3|    1|          3|
    |ap_phi_mux_cont_mulmulmulmulmulmulhs_is_t_hs_is_t_hs_is_t_hs_is_t_bool_bool_bool_bool_ap_uint_5_ap_uint_11_ap_uint_11_bool_buffer_b_fl_signed_char_float128_6_phi_fu_15543_p34          |  20|          4|    1|          4|
    |ap_phi_mux_cont_mulmulmulmulmulmulhs_is_t_hs_is_t_hs_is_t_hs_is_t_bool_bool_bool_bool_ap_uint_5_ap_uint_11_ap_uint_11_bool_buffer_b_fla_float128_0_phi_fu_9715_p40                      |  14|          3|    1|          3|
    |ap_phi_mux_cont_mulmulmulmulmulmulhs_is_t_hs_is_t_hs_is_t_hs_is_t_bool_bool_bool_bool_ap_uint_5_ap_uint_11_ap_uint_11_bool_buffer_b_fla_float128_3_phi_fu_10860_p10                     |  14|          3|    1|          3|
    |ap_phi_mux_cont_mulmulmulmulmulmulhs_is_t_hs_is_t_hs_is_t_hs_is_t_bool_bool_bool_bool_ap_uint_5_ap_uint_11_ap_uint_11_bool_buffer_b_fla_float128_4_phi_fu_4897_p40                      |  14|          3|    1|          3|
    |ap_phi_mux_cont_mulmulmulmulmulmulhs_is_t_hs_is_t_hs_is_t_hs_is_t_bool_bool_bool_bool_ap_uint_5_ap_uint_11_ap_uint_11_bool_buffer_b_fla_float128_5_phi_fu_6827_p40                      |  14|          3|    1|          3|
    |ap_phi_mux_cont_mulmulmulmulmulmulhs_is_t_hs_is_t_hs_is_t_hs_is_t_bool_bool_bool_bool_ap_uint_5_ap_uint_11_ap_uint_11_bool_buffer_b_fla_float128_6_phi_fu_15652_p34                     |  20|          4|    1|          4|
    |ap_phi_mux_cont_mulmulmulmulmulmulhs_is_t_hs_is_t_hs_is_t_hs_is_t_bool_bool_bool_bool_ap_uint_5_ap_uint_11_ap_uint_11_bool_buffer_b_flag_0_phi_fu_9780_p40                              |  14|          3|    1|          3|
    |ap_phi_mux_cont_mulmulmulmulmulmulhs_is_t_hs_is_t_hs_is_t_hs_is_t_bool_bool_bool_bool_ap_uint_5_ap_uint_11_ap_uint_11_bool_buffer_b_flag_3_phi_fu_10880_p10                             |  14|          3|    1|          3|
    |ap_phi_mux_cont_mulmulmulmulmulmulhs_is_t_hs_is_t_hs_is_t_hs_is_t_bool_bool_bool_bool_ap_uint_5_ap_uint_11_ap_uint_11_bool_buffer_b_flag_4_phi_fu_4962_p40                              |  14|          3|    1|          3|
    |ap_phi_mux_cont_mulmulmulmulmulmulhs_is_t_hs_is_t_hs_is_t_hs_is_t_bool_bool_bool_bool_ap_uint_5_ap_uint_11_ap_uint_11_bool_buffer_b_flag_5_phi_fu_6937_p40                              |  14|          3|    1|          3|
    |ap_phi_mux_cont_mulmulmulmulmulmulhs_is_t_hs_is_t_hs_is_t_hs_is_t_bool_bool_bool_bool_ap_uint_5_ap_uint_11_ap_uint_11_bool_buffer_b_flag_6_phi_fu_15761_p34                             |  20|          4|    1|          4|
    |ap_phi_mux_cont_mulmulmulmulmulmulhs_is_t_hs_is_t_hs_is_t_hs_is_t_bool_bool_bool_bool_ap_uint_5_ap_uint_11_ap_uint_11_bool_buffer_b_float_long_signed_char_float128_0_phi_fu_9520_p40   |  14|          3|    1|          3|
    |ap_phi_mux_cont_mulmulmulmulmulmulhs_is_t_hs_is_t_hs_is_t_hs_is_t_bool_bool_bool_bool_ap_uint_5_ap_uint_11_ap_uint_11_bool_buffer_b_float_long_signed_char_float128_3_phi_fu_10800_p10  |  14|          3|    1|          3|
    |ap_phi_mux_cont_mulmulmulmulmulmulhs_is_t_hs_is_t_hs_is_t_hs_is_t_bool_bool_bool_bool_ap_uint_5_ap_uint_11_ap_uint_11_bool_buffer_b_float_long_signed_char_float128_4_phi_fu_4702_p40   |  14|          3|    1|          3|
    |ap_phi_mux_cont_mulmulmulmulmulmulhs_is_t_hs_is_t_hs_is_t_hs_is_t_bool_bool_bool_bool_ap_uint_5_ap_uint_11_ap_uint_11_bool_buffer_b_float_long_signed_char_float128_5_phi_fu_6497_p40   |  14|          3|    1|          3|
    |ap_phi_mux_cont_mulmulmulmulmulmulhs_is_t_hs_is_t_hs_is_t_hs_is_t_bool_bool_bool_bool_ap_uint_5_ap_uint_11_ap_uint_11_bool_buffer_b_float_long_signed_char_float128_6_phi_fu_15325_p34  |  20|          4|    1|          4|
    |ap_phi_mux_cont_mulmulmulmulmulmulhs_is_t_hs_is_t_hs_is_t_hs_is_t_bool_bool_bool_bool_ap_uint_5_ap_uint_11_ap_uint_11_bool_buffer_b_int128_long_double_wchar_t_5_phi_fu_6562_p40        |  14|          3|   33|         99|
    |ap_phi_mux_cont_mulmulmulmulmulmulhs_is_t_hs_is_t_hs_is_t_hs_is_t_bool_bool_bool_bool_ap_uint_5_ap_uint_11_ap_uint_11_bool_buffer_b_int128_long_double_wchar_t_6_phi_fu_15381_p34       |  14|          3|   33|         99|
    |ap_phi_mux_cont_mulmulmulmulmulmulhs_is_t_hs_is_t_hs_is_t_hs_is_t_bool_bool_bool_bool_ap_uint_5_ap_uint_11_ap_uint_11_bool_buffer_b_n_long_double_wchar_t_5_phi_fu_6672_p40             |  14|          3|   33|         99|
    |ap_phi_mux_cont_mulmulmulmulmulmulhs_is_t_hs_is_t_hs_is_t_hs_is_t_bool_bool_bool_bool_ap_uint_5_ap_uint_11_ap_uint_11_bool_buffer_b_n_long_double_wchar_t_6_phi_fu_15490_p34            |  14|          3|   33|         99|
    |ap_phi_mux_cont_mulmulmulmulmulmulhs_is_t_hs_is_t_hs_is_t_hs_is_t_bool_bool_bool_bool_ap_uint_5_ap_uint_11_ap_uint_11_bool_buffer_b_ne_wchar_t_5_phi_fu_6782_p40                        |  14|          3|   33|         99|
    |ap_phi_mux_cont_mulmulmulmulmulmulhs_is_t_hs_is_t_hs_is_t_hs_is_t_bool_bool_bool_bool_ap_uint_5_ap_uint_11_ap_uint_11_bool_buffer_b_ne_wchar_t_6_phi_fu_15599_p34                       |  14|          3|   33|         99|
    |ap_phi_mux_cont_mulmulmulmulmulmulhs_is_t_hs_is_t_hs_is_t_hs_is_t_bool_bool_bool_bool_ap_uint_5_ap_uint_11_ap_uint_11_bool_buffer_b_new_5_phi_fu_6892_p40                               |  14|          3|   33|         99|
    |ap_phi_mux_cont_mulmulmulmulmulmulhs_is_t_hs_is_t_hs_is_t_hs_is_t_bool_bool_bool_bool_ap_uint_5_ap_uint_11_ap_uint_11_bool_buffer_b_new_6_phi_fu_15708_p34                              |  14|          3|   33|         99|
    |ap_phi_mux_empty_36_phi_fu_16306_p34                                                                                                                                                    |  20|          4|    1|          4|
    |ap_phi_mux_empty_phi_fu_11122_p10                                                                                                                                                       |  14|          3|    1|          3|
    |ap_phi_mux_i_op_assign_phi_fu_11107_p10                                                                                                                                                 |  14|          3|   32|         96|
    |ap_phi_mux_idx_1_flag_6_phi_fu_11735_p34                                                                                                                                                |  14|          3|    1|          3|
    |ap_phi_mux_idx_1_new_0_phi_fu_7487_p4                                                                                                                                                   |  14|          3|   32|         96|
    |ap_phi_mux_idx_1_new_6_phi_fu_11791_p34                                                                                                                                                 |  31|          6|   32|        192|
    |ap_phi_mux_idx_2_flag_9_phi_fu_11841_p34                                                                                                                                                |  14|          3|    1|          3|
    |ap_phi_mux_idx_2_new_9_phi_fu_11897_p34                                                                                                                                                 |  43|          8|   32|        256|
    |ap_phi_mux_p_ZZ4contP7hs_is_tS0_S0_S0_bbbb7ap_uintILi5EES1_ILi11EEPS3_PbE8buffer_a_10_flag_0_phi_fu_8155_p40                                                                            |  14|          3|    1|          3|
    |ap_phi_mux_p_ZZ4contP7hs_is_tS0_S0_S0_bbbb7ap_uintILi5EES1_ILi11EEPS3_PbE8buffer_a_10_flag_3_phi_fu_10360_p10                                                                           |  14|          3|    1|          3|
    |ap_phi_mux_p_ZZ4contP7hs_is_tS0_S0_S0_bbbb7ap_uintILi5EES1_ILi11EEPS3_PbE8buffer_a_10_flag_4_phi_fu_1137_p40                                                                            |  14|          3|    1|          3|
    |ap_phi_mux_p_ZZ4contP7hs_is_tS0_S0_S0_bbbb7ap_uintILi5EES1_ILi11EEPS3_PbE8buffer_a_10_flag_5_phi_fu_2887_p40                                                                            |  14|          3|    1|          3|
    |ap_phi_mux_p_ZZ4contP7hs_is_tS0_S0_S0_bbbb7ap_uintILi5EES1_ILi11EEPS3_PbE8buffer_a_10_flag_6_phi_fu_13036_p34                                                                           |  20|          4|    1|          4|
    |ap_phi_mux_p_ZZ4contP7hs_is_tS0_S0_S0_bbbb7ap_uintILi5EES1_ILi11EEPS3_PbE8buffer_a_10_new_5_phi_fu_2952_p40                                                                             |  14|          3|   33|         99|
    |ap_phi_mux_p_ZZ4contP7hs_is_tS0_S0_S0_bbbb7ap_uintILi5EES1_ILi11EEPS3_PbE8buffer_a_10_new_6_phi_fu_13092_p34                                                                            |  14|          3|   33|         99|
    |ap_phi_mux_p_ZZ4contP7hs_is_tS0_S0_S0_bbbb7ap_uintILi5EES1_ILi11EEPS3_PbE8buffer_a_15_new_5_phi_fu_3502_p40                                                                             |  14|          3|   33|         99|
    |ap_phi_mux_p_ZZ4contP7hs_is_tS0_S0_S0_bbbb7ap_uintILi5EES1_ILi11EEPS3_PbE8buffer_a_15_new_6_phi_fu_13637_p34                                                                            |  14|          3|   33|         99|
    |ap_phi_mux_p_ZZ4contP7hs_is_tS0_S0_S0_bbbb7ap_uintILi5EES1_ILi11EEPS3_PbE8buffer_a_16_flag_0_phi_fu_8545_p40                                                                            |  14|          3|    1|          3|
    |ap_phi_mux_p_ZZ4contP7hs_is_tS0_S0_S0_bbbb7ap_uintILi5EES1_ILi11EEPS3_PbE8buffer_a_16_flag_3_phi_fu_10480_p10                                                                           |  14|          3|    1|          3|
    |ap_phi_mux_p_ZZ4contP7hs_is_tS0_S0_S0_bbbb7ap_uintILi5EES1_ILi11EEPS3_PbE8buffer_a_16_flag_4_phi_fu_1527_p40                                                                            |  14|          3|    1|          3|
    |ap_phi_mux_p_ZZ4contP7hs_is_tS0_S0_S0_bbbb7ap_uintILi5EES1_ILi11EEPS3_PbE8buffer_a_16_flag_5_phi_fu_3547_p40                                                                            |  14|          3|    1|          3|
    |ap_phi_mux_p_ZZ4contP7hs_is_tS0_S0_S0_bbbb7ap_uintILi5EES1_ILi11EEPS3_PbE8buffer_a_16_flag_6_phi_fu_13690_p34                                                                           |  20|          4|    1|          4|
    |ap_phi_mux_p_ZZ4contP7hs_is_tS0_S0_S0_bbbb7ap_uintILi5EES1_ILi11EEPS3_PbE8buffer_a_17_new_5_phi_fu_3722_p40                                                                             |  14|          3|   33|         99|
    |ap_phi_mux_p_ZZ4contP7hs_is_tS0_S0_S0_bbbb7ap_uintILi5EES1_ILi11EEPS3_PbE8buffer_a_17_new_6_phi_fu_13855_p34                                                                            |  14|          3|   33|         99|
    |ap_phi_mux_p_ZZ4contP7hs_is_tS0_S0_S0_bbbb7ap_uintILi5EES1_ILi11EEPS3_PbE8buffer_a_18_flag_0_phi_fu_8675_p40                                                                            |  14|          3|    1|          3|
    |ap_phi_mux_p_ZZ4contP7hs_is_tS0_S0_S0_bbbb7ap_uintILi5EES1_ILi11EEPS3_PbE8buffer_a_18_flag_3_phi_fu_10520_p10                                                                           |  14|          3|    1|          3|
    |ap_phi_mux_p_ZZ4contP7hs_is_tS0_S0_S0_bbbb7ap_uintILi5EES1_ILi11EEPS3_PbE8buffer_a_18_flag_4_phi_fu_1657_p40                                                                            |  14|          3|    1|          3|
    |ap_phi_mux_p_ZZ4contP7hs_is_tS0_S0_S0_bbbb7ap_uintILi5EES1_ILi11EEPS3_PbE8buffer_a_18_flag_5_phi_fu_3767_p40                                                                            |  14|          3|    1|          3|
    |ap_phi_mux_p_ZZ4contP7hs_is_tS0_S0_S0_bbbb7ap_uintILi5EES1_ILi11EEPS3_PbE8buffer_a_18_flag_6_phi_fu_13908_p34                                                                           |  20|          4|    1|          4|
    |ap_phi_mux_p_ZZ4contP7hs_is_tS0_S0_S0_bbbb7ap_uintILi5EES1_ILi11EEPS3_PbE8buffer_a_18_new_5_phi_fu_3832_p40                                                                             |  14|          3|   33|         99|
    |ap_phi_mux_p_ZZ4contP7hs_is_tS0_S0_S0_bbbb7ap_uintILi5EES1_ILi11EEPS3_PbE8buffer_a_18_new_6_phi_fu_13964_p34                                                                            |  14|          3|   33|         99|
    |ap_phi_mux_p_ZZ4contP7hs_is_tS0_S0_S0_bbbb7ap_uintILi5EES1_ILi11EEPS3_PbE8buffer_a_19_flag_0_phi_fu_8740_p40                                                                            |  14|          3|    1|          3|
    |ap_phi_mux_p_ZZ4contP7hs_is_tS0_S0_S0_bbbb7ap_uintILi5EES1_ILi11EEPS3_PbE8buffer_a_19_flag_3_phi_fu_10540_p10                                                                           |  14|          3|    1|          3|
    |ap_phi_mux_p_ZZ4contP7hs_is_tS0_S0_S0_bbbb7ap_uintILi5EES1_ILi11EEPS3_PbE8buffer_a_19_flag_4_phi_fu_1722_p40                                                                            |  14|          3|    1|          3|
    |ap_phi_mux_p_ZZ4contP7hs_is_tS0_S0_S0_bbbb7ap_uintILi5EES1_ILi11EEPS3_PbE8buffer_a_19_flag_5_phi_fu_3877_p40                                                                            |  14|          3|    1|          3|
    |ap_phi_mux_p_ZZ4contP7hs_is_tS0_S0_S0_bbbb7ap_uintILi5EES1_ILi11EEPS3_PbE8buffer_a_19_flag_6_phi_fu_14017_p34                                                                           |  20|          4|    1|          4|
    |ap_phi_mux_p_ZZ4contP7hs_is_tS0_S0_S0_bbbb7ap_uintILi5EES1_ILi11EEPS3_PbE8buffer_a_19_new_5_phi_fu_3942_p40                                                                             |  14|          3|   33|         99|
    |ap_phi_mux_p_ZZ4contP7hs_is_tS0_S0_S0_bbbb7ap_uintILi5EES1_ILi11EEPS3_PbE8buffer_a_19_new_6_phi_fu_14073_p34                                                                            |  14|          3|   33|         99|
    |ap_phi_mux_p_ZZ4contP7hs_is_tS0_S0_S0_bbbb7ap_uintILi5EES1_ILi11EEPS3_PbE8buffer_b_10_flag_0_phi_fu_9455_p40                                                                            |  14|          3|    1|          3|
    |ap_phi_mux_p_ZZ4contP7hs_is_tS0_S0_S0_bbbb7ap_uintILi5EES1_ILi11EEPS3_PbE8buffer_b_10_flag_3_phi_fu_10780_p10                                                                           |  14|          3|    1|          3|
    |ap_phi_mux_p_ZZ4contP7hs_is_tS0_S0_S0_bbbb7ap_uintILi5EES1_ILi11EEPS3_PbE8buffer_b_10_flag_4_phi_fu_4637_p40                                                                            |  14|          3|    1|          3|
    |ap_phi_mux_p_ZZ4contP7hs_is_tS0_S0_S0_bbbb7ap_uintILi5EES1_ILi11EEPS3_PbE8buffer_b_10_flag_5_phi_fu_6387_p40                                                                            |  14|          3|    1|          3|
    |ap_phi_mux_p_ZZ4contP7hs_is_tS0_S0_S0_bbbb7ap_uintILi5EES1_ILi11EEPS3_PbE8buffer_b_10_flag_6_phi_fu_15216_p34                                                                           |  20|          4|    1|          4|
    |ap_phi_mux_p_ZZ4contP7hs_is_tS0_S0_S0_bbbb7ap_uintILi5EES1_ILi11EEPS3_PbE8buffer_b_10_new_5_phi_fu_6452_p40                                                                             |  14|          3|   33|         99|
    |ap_phi_mux_p_ZZ4contP7hs_is_tS0_S0_S0_bbbb7ap_uintILi5EES1_ILi11EEPS3_PbE8buffer_b_10_new_6_phi_fu_15272_p34                                                                            |  14|          3|   33|         99|
    |ap_phi_mux_p_ZZ4contP7hs_is_tS0_S0_S0_bbbb7ap_uintILi5EES1_ILi11EEPS3_PbE8buffer_b_15_new_5_phi_fu_7002_p40                                                                             |  14|          3|   33|         99|
    |ap_phi_mux_p_ZZ4contP7hs_is_tS0_S0_S0_bbbb7ap_uintILi5EES1_ILi11EEPS3_PbE8buffer_b_15_new_6_phi_fu_15817_p34                                                                            |  14|          3|   33|         99|
    |ap_phi_mux_p_ZZ4contP7hs_is_tS0_S0_S0_bbbb7ap_uintILi5EES1_ILi11EEPS3_PbE8buffer_b_16_flag_0_phi_fu_9845_p40                                                                            |  14|          3|    1|          3|
    |ap_phi_mux_p_ZZ4contP7hs_is_tS0_S0_S0_bbbb7ap_uintILi5EES1_ILi11EEPS3_PbE8buffer_b_16_flag_3_phi_fu_10900_p10                                                                           |  14|          3|    1|          3|
    |ap_phi_mux_p_ZZ4contP7hs_is_tS0_S0_S0_bbbb7ap_uintILi5EES1_ILi11EEPS3_PbE8buffer_b_16_flag_4_phi_fu_5027_p40                                                                            |  14|          3|    1|          3|
    |ap_phi_mux_p_ZZ4contP7hs_is_tS0_S0_S0_bbbb7ap_uintILi5EES1_ILi11EEPS3_PbE8buffer_b_16_flag_5_phi_fu_7047_p40                                                                            |  14|          3|    1|          3|
    |ap_phi_mux_p_ZZ4contP7hs_is_tS0_S0_S0_bbbb7ap_uintILi5EES1_ILi11EEPS3_PbE8buffer_b_16_flag_6_phi_fu_15870_p34                                                                           |  20|          4|    1|          4|
    |ap_phi_mux_p_ZZ4contP7hs_is_tS0_S0_S0_bbbb7ap_uintILi5EES1_ILi11EEPS3_PbE8buffer_b_17_new_5_phi_fu_7222_p40                                                                             |  14|          3|   33|         99|
    |ap_phi_mux_p_ZZ4contP7hs_is_tS0_S0_S0_bbbb7ap_uintILi5EES1_ILi11EEPS3_PbE8buffer_b_17_new_6_phi_fu_16035_p34                                                                            |  14|          3|   33|         99|
    |ap_phi_mux_p_ZZ4contP7hs_is_tS0_S0_S0_bbbb7ap_uintILi5EES1_ILi11EEPS3_PbE8buffer_b_18_flag_0_phi_fu_9975_p40                                                                            |  14|          3|    1|          3|
    |ap_phi_mux_p_ZZ4contP7hs_is_tS0_S0_S0_bbbb7ap_uintILi5EES1_ILi11EEPS3_PbE8buffer_b_18_flag_3_phi_fu_10940_p10                                                                           |  14|          3|    1|          3|
    |ap_phi_mux_p_ZZ4contP7hs_is_tS0_S0_S0_bbbb7ap_uintILi5EES1_ILi11EEPS3_PbE8buffer_b_18_flag_4_phi_fu_5157_p40                                                                            |  14|          3|    1|          3|
    |ap_phi_mux_p_ZZ4contP7hs_is_tS0_S0_S0_bbbb7ap_uintILi5EES1_ILi11EEPS3_PbE8buffer_b_18_flag_5_phi_fu_7267_p40                                                                            |  14|          3|    1|          3|
    |ap_phi_mux_p_ZZ4contP7hs_is_tS0_S0_S0_bbbb7ap_uintILi5EES1_ILi11EEPS3_PbE8buffer_b_18_flag_6_phi_fu_16088_p34                                                                           |  20|          4|    1|          4|
    |ap_phi_mux_p_ZZ4contP7hs_is_tS0_S0_S0_bbbb7ap_uintILi5EES1_ILi11EEPS3_PbE8buffer_b_18_new_5_phi_fu_7332_p40                                                                             |  14|          3|   33|         99|
    |ap_phi_mux_p_ZZ4contP7hs_is_tS0_S0_S0_bbbb7ap_uintILi5EES1_ILi11EEPS3_PbE8buffer_b_18_new_6_phi_fu_16144_p34                                                                            |  14|          3|   33|         99|
    |ap_phi_mux_p_ZZ4contP7hs_is_tS0_S0_S0_bbbb7ap_uintILi5EES1_ILi11EEPS3_PbE8buffer_b_19_flag_0_phi_fu_10040_p40                                                                           |  14|          3|    1|          3|
    |ap_phi_mux_p_ZZ4contP7hs_is_tS0_S0_S0_bbbb7ap_uintILi5EES1_ILi11EEPS3_PbE8buffer_b_19_flag_3_phi_fu_10960_p10                                                                           |  14|          3|    1|          3|
    |ap_phi_mux_p_ZZ4contP7hs_is_tS0_S0_S0_bbbb7ap_uintILi5EES1_ILi11EEPS3_PbE8buffer_b_19_flag_4_phi_fu_5222_p40                                                                            |  14|          3|    1|          3|
    |ap_phi_mux_p_ZZ4contP7hs_is_tS0_S0_S0_bbbb7ap_uintILi5EES1_ILi11EEPS3_PbE8buffer_b_19_flag_5_phi_fu_7377_p40                                                                            |  14|          3|    1|          3|
    |ap_phi_mux_p_ZZ4contP7hs_is_tS0_S0_S0_bbbb7ap_uintILi5EES1_ILi11EEPS3_PbE8buffer_b_19_flag_6_phi_fu_16197_p34                                                                           |  20|          4|    1|          4|
    |ap_phi_mux_p_ZZ4contP7hs_is_tS0_S0_S0_bbbb7ap_uintILi5EES1_ILi11EEPS3_PbE8buffer_b_19_new_5_phi_fu_7442_p40                                                                             |  14|          3|   33|         99|
    |ap_phi_mux_p_ZZ4contP7hs_is_tS0_S0_S0_bbbb7ap_uintILi5EES1_ILi11EEPS3_PbE8buffer_b_19_new_6_phi_fu_16253_p34                                                                            |  14|          3|   33|         99|
    |ap_phi_mux_phi_ln186_phi_fu_11475_p34                                                                                                                                                   |  20|          4|   11|         44|
    |ap_phi_mux_r_cnt_V_flag_0_phi_fu_10980_p6                                                                                                                                               |  14|          3|    1|          3|
    |ap_phi_mux_r_cnt_V_flag_1_phi_fu_11055_p10                                                                                                                                              |  14|          3|    1|          3|
    |ap_phi_mux_r_cnt_V_flag_2_phi_fu_11363_p34                                                                                                                                              |  20|          4|    1|          4|
    |ap_phi_mux_r_cnt_V_loc_0_phi_fu_10993_p6                                                                                                                                                |  14|          3|   14|         42|
    |ap_phi_mux_r_cnt_V_loc_1_phi_fu_11092_p10                                                                                                                                               |  14|          3|   11|         33|
    |ap_phi_mux_r_cnt_V_new_1_phi_fu_11075_p10                                                                                                                                               |  14|          3|   14|         42|
    |ap_phi_mux_r_cnt_V_new_2_phi_fu_11419_p34                                                                                                                                               |  14|          3|   14|         42|
    |ap_phi_mux_s_idx_flag_4_phi_fu_11626_p34                                                                                                                                                |  14|          3|    1|          3|
    |ap_phi_mux_s_idx_new_4_phi_fu_11682_p34                                                                                                                                                 |  14|          3|   32|         96|
    |ap_phi_mux_state_flag_11_phi_fu_11254_p34                                                                                                                                               |  20|          4|    1|          4|
    |ap_phi_mux_state_flag_6_phi_fu_11004_p4                                                                                                                                                 |  14|          3|    1|          3|
    |ap_phi_mux_state_flag_9_phi_fu_11015_p10                                                                                                                                                |  20|          4|    1|          4|
    |ap_phi_mux_state_new_11_phi_fu_11309_p34                                                                                                                                                |  37|          7|    3|         21|
    |ap_phi_mux_state_new_9_phi_fu_11035_p10                                                                                                                                                 |  20|          4|    3|         12|
    |ap_phi_mux_storemerge_phi_fu_7496_p4                                                                                                                                                    |  14|          3|   32|         96|
    |ap_phi_mux_sum_V_flag_4_phi_fu_11517_p34                                                                                                                                                |  14|          3|    1|          3|
    |ap_phi_mux_sum_V_new_4_phi_fu_11573_p34                                                                                                                                                 |  20|          4|   64|        256|
    |ap_sig_allocacmp_r_acc_V_load                                                                                                                                                           |  14|          3|   35|        105|
    |ap_sig_allocacmp_shift_fft_V_load                                                                                                                                                       |   9|          2|    1|          2|
    |ap_sig_allocacmp_store_result_valid_load                                                                                                                                                |  14|          3|    1|          3|
    |b_count_V                                                                                                                                                                               |   9|          2|    5|         10|
    |buffer_V                                                                                                                                                                                |  14|          3|   35|        105|
    |ctrl                                                                                                                                                                                    |   9|          2|   31|         62|
    |half                                                                                                                                                                                    |   9|          2|   32|         64|
    |i                                                                                                                                                                                       |   9|          2|   32|         64|
    |j_a                                                                                                                                                                                     |   9|          2|   32|         64|
    |j_b                                                                                                                                                                                     |   9|          2|   32|         64|
    |offset_j                                                                                                                                                                                |  20|          4|   32|        128|
    |offset_start                                                                                                                                                                            |  26|          5|   32|        160|
    |offset_tw                                                                                                                                                                               |  14|          3|   32|         96|
    |r_acc_V                                                                                                                                                                                 |   9|          2|   35|         70|
    |step                                                                                                                                                                                    |   9|          2|    4|          8|
    |tmp_im_V                                                                                                                                                                                |  14|          3|   33|         99|
    |tmp_re_V                                                                                                                                                                                |  14|          3|   32|         96|
    +----------------------------------------------------------------------------------------------------------------------------------------------------------------------------------------+----+-----------+-----+-----------+
    |Total                                                                                                                                                                                   |4908|       1035| 3622|      11149|
    +----------------------------------------------------------------------------------------------------------------------------------------------------------------------------------------+----+-----------+-----+-----------+

    * Register: 
    +-----------------------------------------------------------------------------------------+----+----+-----+-----------+
    |                                           Name                                          | FF | LUT| Bits| Const Bits|
    +-----------------------------------------------------------------------------------------+----+----+-----+-----------+
    |ap_CS_fsm                                                                                |   1|   0|    1|          0|
    |b_count_V                                                                                |   5|   0|    5|          0|
    |buffer_V                                                                                 |  35|   0|   35|          0|
    |buffer_ok                                                                                |   1|   0|    1|          0|
    |cont_hs_is_t_hs_is_t_hs_is_t_hs_is_t_bool_bool_bool_bool_ap_uint_ap_uint_ap_1            |  33|   0|   33|          0|
    |cont_hs_is_t_hs_is_t_hs_is_t_hs_is_t_bool_bool_bool_bool_ap_uint_ap_uint_ap_10           |  33|   0|   33|          0|
    |cont_hs_is_t_hs_is_t_hs_is_t_hs_is_t_bool_bool_bool_bool_ap_uint_ap_uint_ap_11           |  33|   0|   33|          0|
    |cont_hs_is_t_hs_is_t_hs_is_t_hs_is_t_bool_bool_bool_bool_ap_uint_ap_uint_ap_12           |  33|   0|   33|          0|
    |cont_hs_is_t_hs_is_t_hs_is_t_hs_is_t_bool_bool_bool_bool_ap_uint_ap_uint_ap_13           |  33|   0|   33|          0|
    |cont_hs_is_t_hs_is_t_hs_is_t_hs_is_t_bool_bool_bool_bool_ap_uint_ap_uint_ap_14           |  33|   0|   33|          0|
    |cont_hs_is_t_hs_is_t_hs_is_t_hs_is_t_bool_bool_bool_bool_ap_uint_ap_uint_ap_15           |  33|   0|   33|          0|
    |cont_hs_is_t_hs_is_t_hs_is_t_hs_is_t_bool_bool_bool_bool_ap_uint_ap_uint_ap_16           |  33|   0|   33|          0|
    |cont_hs_is_t_hs_is_t_hs_is_t_hs_is_t_bool_bool_bool_bool_ap_uint_ap_uint_ap_17           |  33|   0|   33|          0|
    |cont_hs_is_t_hs_is_t_hs_is_t_hs_is_t_bool_bool_bool_bool_ap_uint_ap_uint_ap_18           |  33|   0|   33|          0|
    |cont_hs_is_t_hs_is_t_hs_is_t_hs_is_t_bool_bool_bool_bool_ap_uint_ap_uint_ap_19           |  33|   0|   33|          0|
    |cont_hs_is_t_hs_is_t_hs_is_t_hs_is_t_bool_bool_bool_bool_ap_uint_ap_uint_ap_2            |  33|   0|   33|          0|
    |cont_hs_is_t_hs_is_t_hs_is_t_hs_is_t_bool_bool_bool_bool_ap_uint_ap_uint_ap_3            |  33|   0|   33|          0|
    |cont_hs_is_t_hs_is_t_hs_is_t_hs_is_t_bool_bool_bool_bool_ap_uint_ap_uint_ap_4            |  33|   0|   33|          0|
    |cont_hs_is_t_hs_is_t_hs_is_t_hs_is_t_bool_bool_bool_bool_ap_uint_ap_uint_ap_5            |  33|   0|   33|          0|
    |cont_hs_is_t_hs_is_t_hs_is_t_hs_is_t_bool_bool_bool_bool_ap_uint_ap_uint_ap_6            |  33|   0|   33|          0|
    |cont_hs_is_t_hs_is_t_hs_is_t_hs_is_t_bool_bool_bool_bool_ap_uint_ap_uint_ap_7            |  33|   0|   33|          0|
    |cont_hs_is_t_hs_is_t_hs_is_t_hs_is_t_bool_bool_bool_bool_ap_uint_ap_uint_ap_8            |  33|   0|   33|          0|
    |cont_hs_is_t_hs_is_t_hs_is_t_hs_is_t_bool_bool_bool_bool_ap_uint_ap_uint_ap_9            |  33|   0|   33|          0|
    |cont_mulmulmulmulhs_is_t_hs_is_t_hs_is_t_hs_is_t_bool_bool_bool_bool_ap_uint_ap_uint_ap  |  33|   0|   33|          0|
    |ctrl                                                                                     |  31|   0|   32|          1|
    |half                                                                                     |  32|   0|   32|          0|
    |i                                                                                        |  32|   0|   32|          0|
    |idx_1                                                                                    |  32|   0|   32|          0|
    |idx_2                                                                                    |  32|   0|   32|          0|
    |j_a                                                                                      |  32|   0|   32|          0|
    |j_b                                                                                      |  32|   0|   32|          0|
    |offset_j                                                                                 |  32|   0|   32|          0|
    |offset_start                                                                             |  32|   0|   32|          0|
    |offset_tw                                                                                |  32|   0|   32|          0|
    |p_ZZ4contP7hs_is_tS0_S0_S0_bbbb7ap_uintILi5EES1_ILi11EEPS3_PbE8buffer_a_10               |  33|   0|   33|          0|
    |p_ZZ4contP7hs_is_tS0_S0_S0_bbbb7ap_uintILi5EES1_ILi11EEPS3_PbE8buffer_a_11               |  33|   0|   33|          0|
    |p_ZZ4contP7hs_is_tS0_S0_S0_bbbb7ap_uintILi5EES1_ILi11EEPS3_PbE8buffer_a_12               |  33|   0|   33|          0|
    |p_ZZ4contP7hs_is_tS0_S0_S0_bbbb7ap_uintILi5EES1_ILi11EEPS3_PbE8buffer_a_13               |  33|   0|   33|          0|
    |p_ZZ4contP7hs_is_tS0_S0_S0_bbbb7ap_uintILi5EES1_ILi11EEPS3_PbE8buffer_a_14               |  33|   0|   33|          0|
    |p_ZZ4contP7hs_is_tS0_S0_S0_bbbb7ap_uintILi5EES1_ILi11EEPS3_PbE8buffer_a_15               |  33|   0|   33|          0|
    |p_ZZ4contP7hs_is_tS0_S0_S0_bbbb7ap_uintILi5EES1_ILi11EEPS3_PbE8buffer_a_16               |  33|   0|   33|          0|
    |p_ZZ4contP7hs_is_tS0_S0_S0_bbbb7ap_uintILi5EES1_ILi11EEPS3_PbE8buffer_a_17               |  33|   0|   33|          0|
    |p_ZZ4contP7hs_is_tS0_S0_S0_bbbb7ap_uintILi5EES1_ILi11EEPS3_PbE8buffer_a_18               |  33|   0|   33|          0|
    |p_ZZ4contP7hs_is_tS0_S0_S0_bbbb7ap_uintILi5EES1_ILi11EEPS3_PbE8buffer_a_19               |  33|   0|   33|          0|
    |p_ZZ4contP7hs_is_tS0_S0_S0_bbbb7ap_uintILi5EES1_ILi11EEPS3_PbE8buffer_b_10               |  33|   0|   33|          0|
    |p_ZZ4contP7hs_is_tS0_S0_S0_bbbb7ap_uintILi5EES1_ILi11EEPS3_PbE8buffer_b_11               |  33|   0|   33|          0|
    |p_ZZ4contP7hs_is_tS0_S0_S0_bbbb7ap_uintILi5EES1_ILi11EEPS3_PbE8buffer_b_12               |  33|   0|   33|          0|
    |p_ZZ4contP7hs_is_tS0_S0_S0_bbbb7ap_uintILi5EES1_ILi11EEPS3_PbE8buffer_b_13               |  33|   0|   33|          0|
    |p_ZZ4contP7hs_is_tS0_S0_S0_bbbb7ap_uintILi5EES1_ILi11EEPS3_PbE8buffer_b_14               |  33|   0|   33|          0|
    |p_ZZ4contP7hs_is_tS0_S0_S0_bbbb7ap_uintILi5EES1_ILi11EEPS3_PbE8buffer_b_15               |  33|   0|   33|          0|
    |p_ZZ4contP7hs_is_tS0_S0_S0_bbbb7ap_uintILi5EES1_ILi11EEPS3_PbE8buffer_b_16               |  33|   0|   33|          0|
    |p_ZZ4contP7hs_is_tS0_S0_S0_bbbb7ap_uintILi5EES1_ILi11EEPS3_PbE8buffer_b_17               |  33|   0|   33|          0|
    |p_ZZ4contP7hs_is_tS0_S0_S0_bbbb7ap_uintILi5EES1_ILi11EEPS3_PbE8buffer_b_18               |  33|   0|   33|          0|
    |p_ZZ4contP7hs_is_tS0_S0_S0_bbbb7ap_uintILi5EES1_ILi11EEPS3_PbE8buffer_b_19               |  33|   0|   33|          0|
    |r_acc_V                                                                                  |  35|   0|   35|          0|
    |r_acc_valid                                                                              |   1|   0|    1|          0|
    |r_cnt_V                                                                                  |  14|   0|   14|          0|
    |s_idx                                                                                    |  32|   0|   32|          0|
    |shift_fft_V                                                                              |   1|   0|    1|          0|
    |sign                                                                                     |   1|   0|    1|          0|
    |state                                                                                    |   3|   0|    3|          0|
    |step                                                                                     |   4|   0|    4|          0|
    |store_result_ready                                                                       |   1|   0|    1|          0|
    |store_result_valid                                                                       |   1|   0|    1|          0|
    |sum_V                                                                                    |  64|   0|   64|          0|
    |tmp_im_V                                                                                 |  33|   0|   33|          0|
    |tmp_im_x_V                                                                               |  32|   0|   32|          0|
    |tmp_im_y_V                                                                               |  32|   0|   32|          0|
    |tmp_re_V                                                                                 |  32|   0|   32|          0|
    |tmp_re_x_V                                                                               |  32|   0|   32|          0|
    |tmp_re_y_V                                                                               |  32|   0|   32|          0|
    +-----------------------------------------------------------------------------------------+----+----+-----+-----------+
    |Total                                                                                    |2031|   0| 2032|          1|
    +-----------------------------------------------------------------------------------------+----+----+-----+-----------+



================================================================
== Interface
================================================================
* Summary: 
+----------------+-----+-----+--------------+--------------+--------------+
|    RTL Ports   | Dir | Bits|   Protocol   | Source Object|    C Type    |
+----------------+-----+-----+--------------+--------------+--------------+
|ap_clk          |   in|    1|  ap_ctrl_none|          cont|  return value|
|ap_rst          |   in|    1|  ap_ctrl_none|          cont|  return value|
|a_i_valid       |   in|    1|       ap_none|     a_i_valid|       pointer|
|a_i_ready       |  out|    1|       ap_none|     a_i_ready|       pointer|
|a_i_data        |   in|   32|       ap_none|      a_i_data|       pointer|
|a_i_strb        |   in|    4|       ap_none|      a_i_strb|       pointer|
|b_i_valid       |   in|    1|       ap_none|     b_i_valid|       pointer|
|b_i_ready       |  out|    1|       ap_none|     b_i_ready|       pointer|
|b_i_data        |   in|   32|       ap_none|      b_i_data|       pointer|
|b_i_strb        |   in|    4|       ap_none|      b_i_strb|       pointer|
|c_i_valid       |   in|    1|       ap_none|     c_i_valid|       pointer|
|c_i_ready       |  out|    1|       ap_none|     c_i_ready|       pointer|
|c_i_data        |   in|   32|       ap_none|      c_i_data|       pointer|
|c_i_strb        |   in|    4|       ap_none|      c_i_strb|       pointer|
|d_o_valid       |  out|    1|       ap_none|     d_o_valid|       pointer|
|d_o_ready       |   in|    1|       ap_none|     d_o_ready|       pointer|
|d_o_data        |  out|   32|       ap_none|      d_o_data|       pointer|
|d_o_strb        |  out|    4|       ap_none|      d_o_strb|       pointer|
|clear           |   in|    1|       ap_none|         clear|        scalar|
|enable          |   in|    1|       ap_none|        enable|        scalar|
|function_r      |   in|    1|       ap_none|    function_r|        scalar|
|start_r         |   in|    1|       ap_none|       start_r|        scalar|
|shift           |   in|    5|       ap_none|         shift|        scalar|
|len             |   in|   11|       ap_none|           len|        scalar|
|f_cnt           |  out|   11|        ap_vld|         f_cnt|       pointer|
|f_cnt_ap_vld    |  out|    1|        ap_vld|         f_cnt|       pointer|
|f_valid         |  out|    1|        ap_vld|       f_valid|       pointer|
|f_valid_ap_vld  |  out|    1|        ap_vld|       f_valid|       pointer|
+----------------+-----+-----+--------------+--------------+--------------+

