INFO: [SIM 2] *************** CSIM start ***************
INFO: [SIM 4] CSIM will launch GCC as the compiler.
   Compiling ../../../FFT_test.cpp in debug mode
   Compiling ../../../FFT.cpp in debug mode
   Generating csim.exe
t=0 f_cnt=0
t=0 f_valid=0
t=1 f_cnt=0
t=1 f_valid=0
t=2 f_cnt=0
t=2 f_valid=0
t=3 f_cnt=0
t=3 f_valid=0
t=4 f_cnt=0
t=4 f_valid=0
t=5 f_cnt=0
t=5 f_valid=0
t=6 f_cnt=0
t=6 f_valid=0
t=7 f_cnt=0
t=7 f_valid=0
t=8 f_cnt=0
t=8 f_valid=0
t=9 f_cnt=0
t=9 f_valid=0
t=10 f_cnt=0
t=10 f_valid=0
t=11 f_cnt=0
t=11 f_valid=0
t=12 f_cnt=0
t=12 f_valid=0
t=13 f_cnt=0
t=13 f_valid=0
t=14 f_cnt=0
t=14 f_valid=0
--- result.dat	2026-04-23 17:00:19.385429149 +0300
+++ result.golden.dat	2026-04-05 16:30:20.000000000 +0300
@@ -0,0 +1 @@
+529
Test failed  !!!
ERR: [SIM 100] 'csim_design' failed: nonzero return value.
INFO: [SIM 3] *************** CSIM finish ***************
