==============================================================
Vitis HLS - High-Level Synthesis from C, C++ and OpenCL v2022.2 (64-bit)
Tool Version Limit: 2019.12
Copyright 1986-2022 Xilinx, Inc. All Rights Reserved.
==============================================================
INFO: [HLS 200-1505] Using flow_target 'vivado'
INFO: [HLS 200-435] Setting 'open_solution -flow_target vivado' configuration: config_interface -m_axi_latency=0
INFO: [HLS 200-1510] Running: set_part xczu7ev-ffvc1156-2-e 
INFO: [HLS 200-1611] Setting target device to 'xczu7ev-ffvc1156-2-e'
INFO: [HLS 200-1510] Running: create_clock -period 10 -name default 
INFO: [SYN 201-201] Setting up clock 'default' with a period of 10ns.
INFO: [HLS 200-1510] Running: csim_design 
INFO: [SIM 211-2] *************** CSIM start ***************
INFO: [SIM 211-4] CSIM will launch GCC as the compiler.
ERROR: [SIM 211-100] 'csim_design' failed: nonzero return value.
INFO: [SIM 211-3] *************** CSIM finish ***************
INFO: [HLS 200-111] Finished Command csim_design CPU user time: 3.43 seconds. CPU system time: 0.71 seconds. Elapsed time: 4.15 seconds; current allocated memory: 0.000 MB.
INFO: [HLS 200-1510] Running: csynth_design 
INFO: [HLS 200-111] Finished File checks and directory preparation: CPU user time: 0.01 seconds. CPU system time: 0 seconds. Elapsed time: 0.01 seconds; current allocated memory: 742.863 MB.
INFO: [HLS 200-10] Analyzing design file 'FFT/FFT.cpp' ... 
WARNING: [HLS 207-5292] unused parameter 'start' (FFT/FFT.cpp:75:56)
INFO: [HLS 200-111] Finished Source Code Analysis and Preprocessing: CPU user time: 5.97 seconds. CPU system time: 0.96 seconds. Elapsed time: 6.96 seconds; current allocated memory: 745.070 MB.
INFO: [HLS 200-777] Using interface defaults for 'Vivado' flow target.
INFO: [HLS 214-131] Inlining function 'computation(ap_int<32>, ap_int<32>)' into 'cont(hs_is_t*, hs_is_t*, hs_is_t*, hs_is_t*, bool, bool, bool, bool, ap_uint<5>, ap_uint<11>, ap_uint<11>*, bool*)' (FFT/FFT.cpp:170:10)
INFO: [HLS 214-210] Disaggregating variable 'a_i' (FFT/FFT.cpp:76:0)
INFO: [HLS 214-210] Disaggregating variable 'b_i' (FFT/FFT.cpp:76:0)
INFO: [HLS 214-210] Disaggregating variable 'c_i' (FFT/FFT.cpp:76:0)
INFO: [HLS 214-210] Disaggregating variable 'd_o' (FFT/FFT.cpp:76:0)
INFO: [HLS 214-178] Inlining function 'fft(int, int, State*, ap_int<64>*, ap_int<64>*, ap_int<32>*, ap_int<32>*, ap_int<32>*, ap_int<32>*, ap_int<64>, ap_int<64>)' into 'cont(hs_is_t*, hs_is_t*, hs_is_t*, hs_is_t*, bool, bool, bool, bool, ap_uint<5>, ap_uint<11>, ap_uint<11>*, bool*)' (FFT/FFT.cpp:76:0)
INFO: [HLS 214-248] Applying array_partition to '_ZZ4contP7hs_is_tS0_S0_S0_bbbb7ap_uintILi5EES1_ILi11EEPS3_PbE8buffer_a': Complete partitioning on dimension 1. (FFT/FFT.cpp:117:0)
INFO: [HLS 214-248] Applying array_partition to '_ZZ4contP7hs_is_tS0_S0_S0_bbbb7ap_uintILi5EES1_ILi11EEPS3_PbE8buffer_b': Complete partitioning on dimension 1. (FFT/FFT.cpp:119:0)
INFO: [HLS 214-248] Applying array_partition to 're_twiddles': Complete partitioning on dimension 1.
INFO: [HLS 214-248] Applying array_partition to 'im_twiddles': Complete partitioning on dimension 1.
INFO: [HLS 200-111] Finished Compiling Optimization and Transform: CPU user time: 4.68 seconds. CPU system time: 0.78 seconds. Elapsed time: 5.48 seconds; current allocated memory: 745.570 MB.
INFO: [HLS 200-111] Finished Checking Pragmas: CPU user time: 0 seconds. CPU system time: 0 seconds. Elapsed time: 0 seconds; current allocated memory: 745.570 MB.
INFO: [HLS 200-10] Starting code transformations ...
INFO: [HLS 200-111] Finished Standard Transforms: CPU user time: 0.1 seconds. CPU system time: 0.01 seconds. Elapsed time: 0.12 seconds; current allocated memory: 757.668 MB.
INFO: [HLS 200-10] Checking synthesizability ...
INFO: [HLS 200-111] Finished Checking Synthesizability: CPU user time: 0.17 seconds. CPU system time: 0.03 seconds. Elapsed time: 0.2 seconds; current allocated memory: 769.859 MB.
INFO: [XFORM 203-401] Performing if-conversion on hyperblock from (FFT/FFT.cpp:284:21) to (FFT/FFT.cpp:289:32) in function 'cont'... converting 4 basic blocks.
INFO: [XFORM 203-401] Performing if-conversion on hyperblock from (FFT/FFT.cpp:305:38) to (FFT/FFT.cpp:316:45) in function 'cont'... converting 3 basic blocks.
INFO: [HLS 200-111] Finished Loop, function and other optimizations: CPU user time: 0.53 seconds. CPU system time: 0.02 seconds. Elapsed time: 0.55 seconds; current allocated memory: 808.621 MB.
INFO: [HLS 200-111] Finished Architecture Synthesis: CPU user time: 0.43 seconds. CPU system time: 0.01 seconds. Elapsed time: 0.44 seconds; current allocated memory: 816.512 MB.
INFO: [HLS 200-10] Starting hardware synthesis ...
INFO: [HLS 200-10] Synthesizing 'cont' ...
INFO: [HLS 200-10] ----------------------------------------------------------------
INFO: [HLS 200-42] -- Implementing module 'cont' 
INFO: [HLS 200-10] ----------------------------------------------------------------
INFO: [SCHED 204-11] Starting scheduling ...
INFO: [SCHED 204-11] Finished scheduling.
INFO: [HLS 200-111] Finished Scheduling: CPU user time: 5.96 seconds. CPU system time: 0.09 seconds. Elapsed time: 6.08 seconds; current allocated memory: 838.719 MB.
INFO: [BIND 205-100] Starting micro-architecture generation ...
INFO: [BIND 205-101] Performing variable lifetime analysis.
INFO: [BIND 205-101] Exploring resource sharing.
INFO: [BIND 205-101] Binding ...
INFO: [BIND 205-100] Finished micro-architecture generation.
INFO: [HLS 200-111] Finished Binding: CPU user time: 0.62 seconds. CPU system time: 0.02 seconds. Elapsed time: 0.64 seconds; current allocated memory: 845.812 MB.
INFO: [HLS 200-10] ----------------------------------------------------------------
INFO: [HLS 200-10] -- Generating RTL for module 'cont' 
INFO: [HLS 200-10] ----------------------------------------------------------------
INFO: [RTGEN 206-500] Setting interface mode on port 'cont/a_i_valid' to 'ap_none'.
INFO: [RTGEN 206-500] Setting interface mode on port 'cont/a_i_ready' to 'ap_none'.
WARNING: [RTGEN 206-101] Port 'a_i_ready' with mode 'ap_none' may require an associated data valid signal to correctly communicate with other blocks or a test bench; automatic C/RTL co-simulation may not be able to verify such a port.
INFO: [RTGEN 206-500] Setting interface mode on port 'cont/a_i_data' to 'ap_none'.
INFO: [RTGEN 206-500] Setting interface mode on port 'cont/a_i_strb' to 'ap_none'.
INFO: [RTGEN 206-500] Setting interface mode on port 'cont/b_i_valid' to 'ap_none'.
INFO: [RTGEN 206-500] Setting interface mode on port 'cont/b_i_ready' to 'ap_none'.
WARNING: [RTGEN 206-101] Port 'b_i_ready' with mode 'ap_none' may require an associated data valid signal to correctly communicate with other blocks or a test bench; automatic C/RTL co-simulation may not be able to verify such a port.
INFO: [RTGEN 206-500] Setting interface mode on port 'cont/b_i_data' to 'ap_none'.
INFO: [RTGEN 206-500] Setting interface mode on port 'cont/b_i_strb' to 'ap_none'.
INFO: [RTGEN 206-500] Setting interface mode on port 'cont/c_i_valid' to 'ap_none'.
INFO: [RTGEN 206-500] Setting interface mode on port 'cont/c_i_ready' to 'ap_none'.
WARNING: [RTGEN 206-101] Port 'c_i_ready' with mode 'ap_none' may require an associated data valid signal to correctly communicate with other blocks or a test bench; automatic C/RTL co-simulation may not be able to verify such a port.
INFO: [RTGEN 206-500] Setting interface mode on port 'cont/c_i_data' to 'ap_none'.
INFO: [RTGEN 206-500] Setting interface mode on port 'cont/c_i_strb' to 'ap_none'.
INFO: [RTGEN 206-500] Setting interface mode on port 'cont/d_o_valid' to 'ap_none'.
WARNING: [RTGEN 206-101] Port 'd_o_valid' with mode 'ap_none' may require an associated data valid signal to correctly communicate with other blocks or a test bench; automatic C/RTL co-simulation may not be able to verify such a port.
INFO: [RTGEN 206-500] Setting interface mode on port 'cont/d_o_ready' to 'ap_none'.
INFO: [RTGEN 206-500] Setting interface mode on port 'cont/d_o_data' to 'ap_none'.
WARNING: [RTGEN 206-101] Port 'd_o_data' with mode 'ap_none' may require an associated data valid signal to correctly communicate with other blocks or a test bench; automatic C/RTL co-simulation may not be able to verify such a port.
INFO: [RTGEN 206-500] Setting interface mode on port 'cont/d_o_strb' to 'ap_none'.
WARNING: [RTGEN 206-101] Port 'd_o_strb' with mode 'ap_none' may require an associated data valid signal to correctly communicate with other blocks or a test bench; automatic C/RTL co-simulation may not be able to verify such a port.
INFO: [RTGEN 206-500] Setting interface mode on port 'cont/clear' to 'ap_none'.
INFO: [RTGEN 206-500] Setting interface mode on port 'cont/enable' to 'ap_none'.
INFO: [RTGEN 206-500] Setting interface mode on port 'cont/function_r' to 'ap_none'.
INFO: [RTGEN 206-500] Setting interface mode on port 'cont/start_r' to 'ap_none'.
INFO: [RTGEN 206-500] Setting interface mode on port 'cont/shift' to 'ap_none'.
INFO: [RTGEN 206-500] Setting interface mode on port 'cont/len' to 'ap_none'.
INFO: [RTGEN 206-500] Setting interface mode on port 'cont/f_cnt' to 'ap_vld'.
INFO: [RTGEN 206-500] Setting interface mode on port 'cont/f_valid' to 'ap_vld'.
INFO: [RTGEN 206-500] Setting interface mode on function 'cont' to 'ap_ctrl_none'.
WARNING: [RTGEN 206-101] Register 'buffer_ok' is power-on initialization.
WARNING: [RTGEN 206-101] Register 'r_acc_valid' is power-on initialization.
WARNING: [RTGEN 206-101] Register 'state' is power-on initialization.
WARNING: [RTGEN 206-101] Register 'b_count_V' is power-on initialization.
WARNING: [RTGEN 206-101] Register 'r_cnt_V' is power-on initialization.
WARNING: [RTGEN 206-101] Register 'i' is power-on initialization.
WARNING: [RTGEN 206-101] Register 'sum_V' is power-on initialization.
WARNING: [RTGEN 206-101] Register 'ctrl' is power-on initialization.
WARNING: [RTGEN 206-101] Register 's_idx' is power-on initialization.
WARNING: [RTGEN 206-101] Register 'idx_1' is power-on initialization.
WARNING: [RTGEN 206-101] Register 'idx_2' is power-on initialization.
WARNING: [RTGEN 206-101] Register 'offset_j' is power-on initialization.
WARNING: [RTGEN 206-101] Register 'offset_start' is power-on initialization.
WARNING: [RTGEN 206-101] Register 'cont_hs_is_t_hs_is_t_hs_is_t_hs_is_t_bool_bool_bool_bool_ap_uint_ap_uint_ap_19' is power-on initialization.
WARNING: [RTGEN 206-101] Register 'cont_hs_is_t_hs_is_t_hs_is_t_hs_is_t_bool_bool_bool_bool_ap_uint_ap_uint_ap_18' is power-on initialization.
WARNING: [RTGEN 206-101] Register 'cont_hs_is_t_hs_is_t_hs_is_t_hs_is_t_bool_bool_bool_bool_ap_uint_ap_uint_ap_17' is power-on initialization.
WARNING: [RTGEN 206-101] Register 'cont_hs_is_t_hs_is_t_hs_is_t_hs_is_t_bool_bool_bool_bool_ap_uint_ap_uint_ap_16' is power-on initialization.
WARNING: [RTGEN 206-101] Register 'cont_hs_is_t_hs_is_t_hs_is_t_hs_is_t_bool_bool_bool_bool_ap_uint_ap_uint_ap_15' is power-on initialization.
WARNING: [RTGEN 206-101] Register 'cont_hs_is_t_hs_is_t_hs_is_t_hs_is_t_bool_bool_bool_bool_ap_uint_ap_uint_ap_14' is power-on initialization.
WARNING: [RTGEN 206-101] Register 'cont_hs_is_t_hs_is_t_hs_is_t_hs_is_t_bool_bool_bool_bool_ap_uint_ap_uint_ap_13' is power-on initialization.
WARNING: [RTGEN 206-101] Register 'cont_hs_is_t_hs_is_t_hs_is_t_hs_is_t_bool_bool_bool_bool_ap_uint_ap_uint_ap_12' is power-on initialization.
WARNING: [RTGEN 206-101] Register 'cont_hs_is_t_hs_is_t_hs_is_t_hs_is_t_bool_bool_bool_bool_ap_uint_ap_uint_ap_11' is power-on initialization.
WARNING: [RTGEN 206-101] Register 'cont_hs_is_t_hs_is_t_hs_is_t_hs_is_t_bool_bool_bool_bool_ap_uint_ap_uint_ap_10' is power-on initialization.
WARNING: [RTGEN 206-101] Register 'p_ZZ4contP7hs_is_tS0_S0_S0_bbbb7ap_uintILi5EES1_ILi11EEPS3_PbE8buffer_a_10' is power-on initialization.
WARNING: [RTGEN 206-101] Register 'p_ZZ4contP7hs_is_tS0_S0_S0_bbbb7ap_uintILi5EES1_ILi11EEPS3_PbE8buffer_a_11' is power-on initialization.
WARNING: [RTGEN 206-101] Register 'p_ZZ4contP7hs_is_tS0_S0_S0_bbbb7ap_uintILi5EES1_ILi11EEPS3_PbE8buffer_a_12' is power-on initialization.
WARNING: [RTGEN 206-101] Register 'p_ZZ4contP7hs_is_tS0_S0_S0_bbbb7ap_uintILi5EES1_ILi11EEPS3_PbE8buffer_a_13' is power-on initialization.
WARNING: [RTGEN 206-101] Register 'p_ZZ4contP7hs_is_tS0_S0_S0_bbbb7ap_uintILi5EES1_ILi11EEPS3_PbE8buffer_a_14' is power-on initialization.
WARNING: [RTGEN 206-101] Register 'p_ZZ4contP7hs_is_tS0_S0_S0_bbbb7ap_uintILi5EES1_ILi11EEPS3_PbE8buffer_a_15' is power-on initialization.
WARNING: [RTGEN 206-101] Register 'p_ZZ4contP7hs_is_tS0_S0_S0_bbbb7ap_uintILi5EES1_ILi11EEPS3_PbE8buffer_a_16' is power-on initialization.
WARNING: [RTGEN 206-101] Register 'p_ZZ4contP7hs_is_tS0_S0_S0_bbbb7ap_uintILi5EES1_ILi11EEPS3_PbE8buffer_a_17' is power-on initialization.
WARNING: [RTGEN 206-101] Register 'p_ZZ4contP7hs_is_tS0_S0_S0_bbbb7ap_uintILi5EES1_ILi11EEPS3_PbE8buffer_a_18' is power-on initialization.
WARNING: [RTGEN 206-101] Register 'p_ZZ4contP7hs_is_tS0_S0_S0_bbbb7ap_uintILi5EES1_ILi11EEPS3_PbE8buffer_a_19' is power-on initialization.
WARNING: [RTGEN 206-101] Register 'cont_hs_is_t_hs_is_t_hs_is_t_hs_is_t_bool_bool_bool_bool_ap_uint_ap_uint_ap_9' is power-on initialization.
WARNING: [RTGEN 206-101] Register 'cont_hs_is_t_hs_is_t_hs_is_t_hs_is_t_bool_bool_bool_bool_ap_uint_ap_uint_ap_8' is power-on initialization.
WARNING: [RTGEN 206-101] Register 'cont_hs_is_t_hs_is_t_hs_is_t_hs_is_t_bool_bool_bool_bool_ap_uint_ap_uint_ap_7' is power-on initialization.
WARNING: [RTGEN 206-101] Register 'cont_hs_is_t_hs_is_t_hs_is_t_hs_is_t_bool_bool_bool_bool_ap_uint_ap_uint_ap_6' is power-on initialization.
WARNING: [RTGEN 206-101] Register 'cont_hs_is_t_hs_is_t_hs_is_t_hs_is_t_bool_bool_bool_bool_ap_uint_ap_uint_ap_5' is power-on initialization.
WARNING: [RTGEN 206-101] Register 'cont_hs_is_t_hs_is_t_hs_is_t_hs_is_t_bool_bool_bool_bool_ap_uint_ap_uint_ap_4' is power-on initialization.
WARNING: [RTGEN 206-101] Register 'cont_hs_is_t_hs_is_t_hs_is_t_hs_is_t_bool_bool_bool_bool_ap_uint_ap_uint_ap_3' is power-on initialization.
WARNING: [RTGEN 206-101] Register 'cont_hs_is_t_hs_is_t_hs_is_t_hs_is_t_bool_bool_bool_bool_ap_uint_ap_uint_ap_2' is power-on initialization.
WARNING: [RTGEN 206-101] Register 'cont_hs_is_t_hs_is_t_hs_is_t_hs_is_t_bool_bool_bool_bool_ap_uint_ap_uint_ap_1' is power-on initialization.
WARNING: [RTGEN 206-101] Register 'cont_mulmulmulmulhs_is_t_hs_is_t_hs_is_t_hs_is_t_bool_bool_bool_bool_ap_uint_ap_uint_ap' is power-on initialization.
WARNING: [RTGEN 206-101] Register 'p_ZZ4contP7hs_is_tS0_S0_S0_bbbb7ap_uintILi5EES1_ILi11EEPS3_PbE8buffer_b_10' is power-on initialization.
WARNING: [RTGEN 206-101] Register 'p_ZZ4contP7hs_is_tS0_S0_S0_bbbb7ap_uintILi5EES1_ILi11EEPS3_PbE8buffer_b_11' is power-on initialization.
WARNING: [RTGEN 206-101] Register 'p_ZZ4contP7hs_is_tS0_S0_S0_bbbb7ap_uintILi5EES1_ILi11EEPS3_PbE8buffer_b_12' is power-on initialization.
WARNING: [RTGEN 206-101] Register 'p_ZZ4contP7hs_is_tS0_S0_S0_bbbb7ap_uintILi5EES1_ILi11EEPS3_PbE8buffer_b_13' is power-on initialization.
WARNING: [RTGEN 206-101] Register 'p_ZZ4contP7hs_is_tS0_S0_S0_bbbb7ap_uintILi5EES1_ILi11EEPS3_PbE8buffer_b_14' is power-on initialization.
WARNING: [RTGEN 206-101] Register 'p_ZZ4contP7hs_is_tS0_S0_S0_bbbb7ap_uintILi5EES1_ILi11EEPS3_PbE8buffer_b_15' is power-on initialization.
WARNING: [RTGEN 206-101] Register 'p_ZZ4contP7hs_is_tS0_S0_S0_bbbb7ap_uintILi5EES1_ILi11EEPS3_PbE8buffer_b_16' is power-on initialization.
WARNING: [RTGEN 206-101] Register 'p_ZZ4contP7hs_is_tS0_S0_S0_bbbb7ap_uintILi5EES1_ILi11EEPS3_PbE8buffer_b_17' is power-on initialization.
WARNING: [RTGEN 206-101] Register 'p_ZZ4contP7hs_is_tS0_S0_S0_bbbb7ap_uintILi5EES1_ILi11EEPS3_PbE8buffer_b_18' is power-on initialization.
WARNING: [RTGEN 206-101] Register 'p_ZZ4contP7hs_is_tS0_S0_S0_bbbb7ap_uintILi5EES1_ILi11EEPS3_PbE8buffer_b_19' is power-on initialization.
WARNING: [RTGEN 206-101] Register 'store_result_valid' is power-on initialization.
WARNING: [RTGEN 206-101] Register 'j_a' is power-on initialization.
WARNING: [RTGEN 206-101] Register 'j_b' is power-on initialization.
WARNING: [RTGEN 206-101] Register 'r_acc_V' is power-on initialization.
WARNING: [RTGEN 206-101] Register 'offset_tw' is power-on initialization.
WARNING: [RTGEN 206-101] Register 'tmp_re_V' is power-on initialization.
WARNING: [RTGEN 206-101] Register 'half' is power-on initialization.
WARNING: [RTGEN 206-101] Register 'step' is power-on initialization.
WARNING: [RTGEN 206-101] Register 'shift_fft_V' is power-on initialization.
WARNING: [RTGEN 206-101] Register 'sign' is power-on initialization.
WARNING: [RTGEN 206-101] Register 'tmp_im_V' is power-on initialization.
WARNING: [RTGEN 206-101] Register 'buffer_V' is power-on initialization.
WARNING: [RTGEN 206-101]